[www.careerki.com/index.html]
[backblue.gif]
[fade.gif]
[index.html]
[www.careerki.com/wp-content/plugins/sassy-social-share/images/close.png]
[www.careerki.com/wp-content/plugins/sassy-social-share/images/logo.png]
[www.careerki.com/feed/index.html]
[www.careerki.com/comments/feed/index.html]
[www.careerki.com/wp-includes/js/jquery/jquery4a5f.js]
[www.careerki.com/wp-includes/js/jquery/jquery-migrate.min330a.js]
[www.careerki.com/wp-content/plugins/indeed-membership-pro/assets/js/select2.min.js]
[www.careerki.com/wp-content/plugins/indeed-membership-pro/assets/js/jquery-ui.min.js]
[www.careerki.com/wp-content/plugins/indeed-membership-pro/assets/js/jquery.form.js]
[www.careerki.com/wp-content/plugins/indeed-membership-pro/assets/js/jquery.uploadfile.min.js]
[www.careerki.com/wp-content/plugins/indeed-membership-pro/assets/js/functions.js]
[www.careerki.com/wp-content/plugins/indeed-membership-pro/assets/js/printThis.js]
[www.careerki.com/wp-content/themes/careerki/js/ajax-load-morebb49.js]
[www.careerki.com/xmlrpc0db0.php]
[www.careerki.com/wp-json/index.html]
[www.careerki.com/wp-includes/wlwmanifest.xml]
[www.careerki.com/wp-json/oembed/1.0/embed732d.json]
[www.careerki.com/wp-json/oembed/1.0/embedd430]
[www.careerki.com/wp-content/uploads/2019/06/favicon.ico]
[www.careerki.com/wp-content/plugins/wp-spamshield/js/jscripts.php]
[www.careerki.com/wp-content/uploads/2019/04/careerki-logo-2019-140px.png]
[www.careerki.com/wp-content/uploads/2018/07/flight-attendent-75x75.png]
[www.careerki.com/wp-content/uploads/2018/08/careerki-content-75x75.png]
[www.careerki.com/wp-content/uploads/2018/08/cad-designer-profile-75x75.png]
[www.careerki.com/wp-content/uploads/2018/08/photographer-profile-75x75.png]
[www.careerki.com/career-content/index.html]
[www.careerki.com/category/ক্যারিয়ার-প্রোফাইল/index.html]
[www.careerki.com/category/ক্যারিয়ার-গাইড/index.html]
[www.careerki.com/wp-content/uploads/2018/07/agricultural-studies-careerki-75x75.jpg]
[www.careerki.com/category/ক্যারিয়ারকী-পাঁচমিশালি/index.html]
[www.careerki.com/wp-content/uploads/2018/07/powerpoint-slides-careerki-75x75.png]
[www.careerki.com/wp-content/uploads/2018/07/vocational-subjects-careerki-75x75.jpg]
[www.careerki.com/wp-content/uploads/2018/07/linkedin-basics-careerki-75x75.png]
[www.careerki.com/careerki-psychometric-test/index.html]
[www.careerki.com/wp-content/themes/careerki/images/logo-usaid.png]
[www.careerki.com/category/ক্যারিয়ার-ইনফোগ্রাফিক/index.html]
[www.careerki.com/wp-content/themes/careerki/images/logo-funush.png]
[www.careerki.com/careerki-events/index.html]
[www.careerki.com/wp-content/plugins/contact-form-7/includes/js/scriptsbdeb.js]
[www.careerki.com/wp-includes/js/jquery/ui/core.mine899.js]
[www.careerki.com/wp-includes/js/jquery/ui/datepicker.mine899.js]
[www.careerki.com/wp-content/themes/careerki/js/navigation8a54.js]
[www.careerki.com/ফ্লাইট-অ্যাটেনডেন্ট/index.html]
[www.careerki.com/wp-content/themes/careerki/js/skip-link-focus-fix8a54.js]
[www.careerki.com/wp-content/themes/careerki/js/accordion8a54.js]
[www.careerki.com/wp-content/themes/careerki/js/ajax-search8a54.js]
[www.careerki.com/wp-content/plugins/sassy-social-share/public/js/sassy-social-share-public2c74.js]
[www.careerki.com/প্লাম্বার/index.html]
[www.careerki.com/wp-content/plugins/searchwp-live-ajax-search/assets/javascript/build/searchwp-live-search.mine7f0.js]
[www.careerki.com/wp-content/plugins/wp-spamshield/js/jscripts-ftr-min.js]
[www.careerki.com/wp-includes/js/wp-embed.minbb49.js]
[www.careerki.com/index.html]
[www.googletagmanager.com/gtm5445.html]
[www.careerki.com/wp-includes/css/dist/block-library/style.minbb49.css]
[www.careerki.com/category/ক্যারিয়ার-নির্বাচন/index.html]
[www.careerki.com/category/চাকরির-খোঁজ-ও-প্রস্তুতি/index.html]
[www.careerki.com/ফটোগ্রাফার/index.html]
[www.careerki.com/ক্যাড-ডিজাইনার/index.html]
[www.careerki.com/category/স্কিল-ডেভেলপমেন্ট/index.html]
[www.careerki.com/wp-content/plugins/contact-form-7/images/ajax-loader.gif]
[www.careerki.com/wp-content/plugins/contact-form-7/includes/css/stylesbdeb.css]
[www.careerki.com/category/উদ্যোগ-ও-উদ্যোক্তা/index.html]
[www.careerki.com/wp-content/plugins/dw-question-answer-pro/templates/assets/img/icon-search.png]
[www.careerki.com/wp-content/plugins/dw-question-answer-pro/templates/assets/img/icon-loading.gif]
[www.careerki.com/wp-content/plugins/dw-question-answer-pro/templates/assets/css/style7271.css]
[www.careerki.com/পাওয়ারপয়েন্ট-স্লাইড-ইনফোগ্রাফিক/index.html]
[www.careerki.com/কৃষি-খাতের-বিষয়-ইনফোগ্রাফিক/index.html]
[www.careerki.com/wp-content/plugins/dw-question-answer-pro/templates/assets/css/rtl7271.css]
[www.careerki.com/কারিগরি-শিক্ষার-বিভিন্ন-বিষয়-ইনফোগ্রাফিক/index.html]
[www.careerki.com/লিংকডইন-কী-ও-কেন-ইনফোগ্রাফিক/index.html]
[www.careerki.com/provide-your-feedback/index.html]
[www.careerki.com/about-us/index.html]
[www.careerki.com/contact/index.html]
[www.careerki.com/wp-content/plugins/indeed-membership-pro/assets/fonts/fontawesome-webfonte0a5.eot]
[www.careerki.com/terms-of-service/index.html]
[www.careerki.com/wp-content/plugins/indeed-membership-pro/assets/fonts/fontawesome-webfontd41d.eot]
[www.careerki.com/privacy-policy/index.html]
[www.careerki.com/wp-content/plugins/indeed-membership-pro/assets/fonts/fontawesome-webfonte0a5.woff]
[www.careerki.com/wp-content/plugins/indeed-membership-pro/assets/fonts/fontawesome-webfonte0a5.ttf]
[www.careerki.com/wp-content/plugins/indeed-membership-pro/assets/css/font-awesomebb49.css]
[www.careerki.com/wp-content/plugins/indeed-membership-pro/assets/images/no-avatar.png]
[www.careerki.com/wp-content/plugins/indeed-membership-pro/assets/images/file-icon.png]
[www.careerki.com/wp-content/plugins/indeed-membership-pro/admin/assets/images/close_bk.png]
[www.careerki.com/wp-content/plugins/indeed-membership-pro/assets/css/stylebb49.css]
[www.careerki.com/wp-content/plugins/indeed-membership-pro/assets/images/lockers/lock_1.png]
[www.careerki.com/wp-content/plugins/indeed-membership-pro/assets/images/lockers/lock_3.png]
[www.careerki.com/wp-content/plugins/indeed-membership-pro/assets/images/lockers/lock_5.png]
[www.careerki.com/wp-content/plugins/indeed-membership-pro/assets/images/lockers/lock_4.png]
[www.careerki.com/wp-content/plugins/indeed-membership-pro/assets/images/lockers/lock_6.png]
[www.careerki.com/wp-content/plugins/indeed-membership-pro/assets/images/top_aff_bk_1.png]
[www.careerki.com/wp-content/plugins/indeed-membership-pro/assets/images/top_aff_bk_2.png]
[www.careerki.com/wp-content/plugins/indeed-membership-pro/assets/images/top_aff_bk_3.png]
[www.careerki.com/wp-content/plugins/indeed-membership-pro/assets/css/templatesbb49.css]
[www.careerki.com/wp-content/plugins/indeed-membership-pro/assets/css/select2.minbb49.css]
[www.careerki.com/wp-content/plugins/download-monitor/assets/images/filetypes/document.png]
[www.careerki.com/wp-content/plugins/download-monitor/assets/images/filetypes/document-pdf.png]
[www.careerki.com/wp-content/plugins/download-monitor/assets/images/filetypes/document-music.png]
[www.careerki.com/wp-content/plugins/download-monitor/assets/images/filetypes/document-film.png]
[www.careerki.com/wp-content/plugins/download-monitor/assets/images/filetypes/document-zipper.png]
[www.careerki.com/wp-content/plugins/download-monitor/assets/images/filetypes/document-excel.png]
[www.careerki.com/wp-content/plugins/download-monitor/assets/images/filetypes/document-word-text.png]
[www.careerki.com/wp-content/plugins/download-monitor/assets/images/filetypes/document-illustrator.png]
[www.careerki.com/wp-content/plugins/download-monitor/assets/images/filetypes/document-flash-movie.png]
[www.careerki.com/wp-content/plugins/download-monitor/assets/images/filetypes/document-image.png]
[www.careerki.com/wp-content/plugins/download-monitor/assets/images/filetypes/document-photoshop.png]
[www.careerki.com/wp-content/plugins/download-monitor/assets/images/filetypes/document-powerpoint.png]
[www.careerki.com/wp-content/plugins/download-monitor/assets/images/filetypes/document-code.png]
[www.careerki.com/wp-content/plugins/download-monitor/assets/images/filetypes/document-text-image.png]
[www.careerki.com/wp-content/plugins/download-monitor/assets/images/filetypes/document-text.png]
[www.careerki.com/wp-content/plugins/download-monitor/assets/css/frontendbb49.css]
[www.careerki.com/wp-content/themes/careerki/images/careerki-intro-banner.png]
[www.careerki.com/wp-content/themes/careerki/images/career-profile-intro-home.png]
[www.careerki.com/wp-content/themes/careerki/images/career-article-intro-home.png]
[www.careerki.com/wp-content/themes/careerki/images/In-2C-14px.png]
[www.careerki.com/wp-content/themes/careerki/stylebb49.css]
[www.careerki.com/wp-includes/fonts/dashicons2ce6.eot]
[www.careerki.com/wp-includes/css/dashicons.minbb49.css]
[www.careerki.com/wp-includes/fonts/dashicons2ce6.ttf]
[www.careerki.com/wp-content/plugins/advanced-random-posts-widget/assets/css/arpw-frontendbb49.css]
[www.careerki.com/wp-content/plugins/dw-question-answer-pro/templates/assets/css/leaderboardbb49.css]
[www.careerki.com/wp-content/plugins/sassy-social-share/images/transparent_bg.png]
[www.careerki.com/wp-content/plugins/sassy-social-share/public/css/sassy-social-share-public2c74.css]
[www.careerki.com/wp-content/plugins/sassy-social-share/admin/css/sassy-social-share-svg2c74.css]
[www.careerki.com/wp-content/plugins/searchwp-live-ajax-search/assets/styles/stylee7f0.css]
[www.careerki.com/wp-content/plugins/dw-question-answer-pro/templates/styles/flat/stylebb49.css]
[www.careerki.com/wp-content/uploads/2018/08/careerki-content-150x150.png]
[www.careerki.com/wp-content/uploads/2019/06/audit-related-work-150x150.png]
[www.careerki.com/career-content/page/2/index.html]
[www.careerki.com/wp-content/uploads/2019/04/flower-business-process-careerki-150x150.png]
[www.careerki.com/wp-content/uploads/2019/05/video-editing-courses-careerki-150x150.png]
[www.careerki.com/wp-content/uploads/2019/05/types-of-digital-marketing-careerki-150x150.png]
[www.careerki.com/নকশিকাঁথা-কারিগর/index.html]
[www.careerki.com/wp-content/uploads/2019/05/word-processing-basic-rules-careerki-150x150.png]
[www.careerki.com/wp-content/uploads/2019/04/mentor-role-in-careers-150x150.png]
[www.careerki.com/wp-content/uploads/2019/05/freelance-writing-types-careerki-150x150.png]
[www.careerki.com/wp-content/uploads/2019/05/part-time-job-opportunities-careerki-150x150.png]
[www.careerki.com/ট্যুর-গাইড/index.html]
[www.careerki.com/wp-content/uploads/2019/03/gre-gmat-prep-careerki-150x150.png]
[www.careerki.com/wp-content/uploads/2019/03/postgraduation-in-the-usa-careerki-150x150.png]
[www.careerki.com/wp-content/uploads/2019/03/cover-letter-writing-careerki-150x150.png]
[www.careerki.com/wp-content/uploads/2019/03/bcs-preliminary-prep-math-and-mental-ability-150x150.png]
[www.careerki.com/wp-content/uploads/2019/03/bcs-preliminary-prep-bangladesh-and-international-affairs-150x150.png]
[www.careerki.com/প্রোডাক্ট-ম্যানেজার-ও-প্রজেক্ট-ম্যানেজারের-মধ্যে-পার্থক্য/index.html]
[www.careerki.com/wp-content/uploads/2019/03/bcs-preliminary-prep-english-150x150.png]
[www.careerki.com/wp-content/uploads/2019/03/bcs-preliminary-prep-bangla-150x150.png]
[www.careerki.com/wp-content/uploads/2019/03/cv-review-checklist-careerki-150x150.png]
[www.careerki.com/পদার্থবিজ্ঞানে-ক্যারিয়ার/index.html]
[www.careerki.com/wp-content/uploads/2018/07/freelancing-in-design-bangladesh-150x150.png]
[www.careerki.com/wp-content/uploads/2018/07/bangladesh-education-and-development-orgs-150x150.jpg]
[www.careerki.com/wp-content/uploads/2018/07/ad-agency-job-types-careerki-150x150.png]
[www.careerki.com/wp-content/uploads/2018/07/fourth-industrial-revolution-careerki-150x150.png]
[www.careerki.com/wp-content/uploads/2018/07/bangladesh-ship-industry-careerki-150x150.png]
[www.careerki.com/অডিট-কিংবা-অডিটিং-নিয়ে-কাজ/index.html]
[www.careerki.com/wp-content/uploads/2018/07/bangladesh-army-corps-careerki-150x150.png]
[www.careerki.com/wp-content/uploads/2018/07/bangladesh-unemployment-careerki-150x150.jpg]
[www.careerki.com/wp-content/uploads/2018/07/vocational-subjects-careerki-150x150.jpg]
[www.careerki.com/wp-content/uploads/2018/07/journalism-types-careerki-150x150.jpg]
[www.careerki.com/আইটি-সেক্টরে-ক্যারিয়ার/index.html]
[www.careerki.com/wp-content/uploads/2018/07/bangladesh-bcs-cadres-careerki-150x150.png]
[www.careerki.com/wp-content/uploads/2018/07/bksp-careerki-150x150.png]
[www.careerki.com/wp-content/uploads/2018/07/ms-excel-shortcuts-careerki-150x150.png]
[www.careerki.com/wp-content/uploads/2018/07/bangladesh-job-sectors-careerki-150x150.png]
[www.careerki.com/কনস্ট্রাকশন-ইলেকট্রিশিয়ান/index.html]
[www.careerki.com/wp-content/uploads/2018/07/agricultural-studies-careerki-150x150.jpg]
[www.careerki.com/wp-content/uploads/2018/07/bba-subjects-careerki-150x150.jpg]
[www.careerki.com/wp-content/uploads/2018/07/accounting-types-careerki-150x150.png]
[www.careerki.com/টিকেট-ম্যানেজার/index.html]
[www.careerki.com/wp-content/uploads/2018/07/career-preparation-time-150x150.jpg]
[www.careerki.com/wp-content/uploads/2018/07/business-data-150x150.jpg]
[www.careerki.com/wp-content/uploads/2018/07/industrial-and-production-engineer-profile-150x150.png]
[www.careerki.com/wp-content/uploads/2018/07/pathologist-profile-150x150.png]
[www.careerki.com/wp-content/uploads/2018/07/electrician-profile-150x150.png]
[www.careerki.com/ফুলের-ব্যবসা-কীভাবে-করবেন/index.html]
[www.careerki.com/wp-content/uploads/2018/07/laboratory-manager-rmg-profile-150x150.png]
[www.careerki.com/wp-content/uploads/2018/08/ip-copyright-law-career-150x150.png]
[www.careerki.com/wp-content/uploads/2018/07/lieutenant-profile-150x150.png]
[www.careerki.com/ভিডিও-এডিটিং-কোর্স-কোথায়-করবেন/index.html]
[www.careerki.com/wp-content/uploads/2018/07/physiotherapist-profile-150x150.png]
[www.careerki.com/wp-content/uploads/2018/07/front-desk-receptionist-profile-150x150.png]
[www.careerki.com/wp-content/uploads/2019/05/social-media-for-business-careerki-150x150.png]
[www.careerki.com/wp-content/uploads/2018/07/monitoring-officer-ngo-profile-150x150.png]
[www.careerki.com/ডিজিটাল-মার্কেটিং-কত-প্রকার/index.html]
[www.careerki.com/wp-content/uploads/2018/07/database-administrator-profile-150x150.png]
[www.careerki.com/wp-content/uploads/2018/07/poultry-farm-supervisor-profile-150x150.png]
[www.careerki.com/wp-content/uploads/2018/07/ceramic-engineer-profile-150x150.png]
[www.careerki.com/wp-content/uploads/2018/07/customer-care-officer-profile-150x150.png]
[www.careerki.com/wp-content/uploads/2018/07/supply-chain-management-officer-profile-150x150.png]
[www.careerki.com/ওয়ার্ড-প্রসেসিংয়ের-নিয়মাবলি/index.html]
[www.careerki.com/wp-content/uploads/2018/07/computer-operator-profile-150x150.png]
[www.careerki.com/wp-content/uploads/2018/07/copywriter-profile-150x150.png]
[www.careerki.com/wp-content/uploads/2018/07/mechanical-engineer-profile-150x150.png]
[www.careerki.com/wp-content/uploads/2018/07/student-counselor-profile-150x150.png]
[www.careerki.com/ক্যারিয়ারে-মেন্টরের-প্রয়োজনীয়তা/index.html]
[www.careerki.com/wp-content/uploads/2018/07/flight-attendent-150x150.png]
[www.careerki.com/wp-content/uploads/2018/07/sales-representative-profile-150x150.png]
[www.careerki.com/wp-content/uploads/2018/07/powerpoint-slides-careerki-150x150.png]
[www.careerki.com/wp-content/uploads/2018/07/good-cv-characteristics-careerki-150x150.png]
[www.careerki.com/wp-content/uploads/2018/07/linkedin-basics-careerki-150x150.png]
[www.careerki.com/wp-content/uploads/2018/08/social-worker-profile-150x150.png]
[www.careerki.com/লেখালেখিতে-ফ্রিল্যান্সিং/index.html]
[www.careerki.com/wp-content/uploads/2018/07/pharmacist-profile-150x150.png]
[www.careerki.com/wp-content/uploads/2018/07/textile-engineer-profile-150x150.png]
[www.careerki.com/wp-content/uploads/2018/08/quality-control-officer-profile-150x150.png]
[www.careerki.com/wp-content/uploads/2018/07/human-resources-officer-profile-150x150.png]
[www.careerki.com/পার্ট-টাইম-চাকরির-সুযোগ-কোথায়-থাকে/index.html]
[www.careerki.com/wp-content/uploads/2018/07/food-and-beverage-production-officer-profile-150x150.png]
[www.careerki.com/wp-content/uploads/2018/07/it-project-manager-profile-150x150.png]
[www.careerki.com/wp-content/uploads/2018/07/fashion-designer-profile-150x150.png]
[www.careerki.com/wp-content/uploads/2018/07/meteorologist-profile-150x150.png]
[www.careerki.com/হার্ড-স্কিল-ও-সফট-স্কিল/index.html]
[www.careerki.com/wp-content/uploads/2018/07/good-presentation-150x150.jpg]
[www.careerki.com/wp-content/uploads/2018/07/graphic-designer-profile-150x150.png]
[www.careerki.com/wp-content/uploads/2018/07/general-nurse-profile-150x150.png]
[www.careerki.com/wp-content/uploads/2018/08/hotel-manager-profile-150x150.png]
[www.careerki.com/জিআরই-ও-জিম্যাটের-প্রস্তুতি/index.html]
[www.careerki.com/wp-content/uploads/2018/08/construction-manager-profile-150x150.png]
[www.careerki.com/wp-content/uploads/2018/08/fisheries-officer-profile-150x150.png]
[www.careerki.com/wp-content/uploads/2018/08/bcs-livestock-cadre-profile-150x150.png]
[www.careerki.com/wp-content/uploads/2018/07/dentist-profile-150x150.png]
[www.careerki.com/wp-content/uploads/2018/07/educationist-profile-150x150.png]
[www.careerki.com/মার্কিন-যুক্তরাষ্ট্রে-পোস্টগ্র্যাজুয়েশন/index.html]
[www.careerki.com/wp-content/uploads/2018/08/doctor-orthopedist-profile-150x150.png]
[www.careerki.com/wp-content/uploads/2018/08/psychologist-psychiatrist-differences-150x150.png]
[www.careerki.com/wp-content/uploads/2018/08/dietitian-profile-150x150.png]
[www.careerki.com/wp-content/uploads/2018/08/physiotherapy-bangladesh-150x150.jpg]
[www.careerki.com/কীভাবে-কভার-লেটার-লিখবেন/index.html]
[www.careerki.com/wp-content/uploads/2018/08/pilot-training-bangladesh-150x150.jpg]
[www.careerki.com/career-content/index.html]
[www.careerki.com/category/ক্যারিয়ার-প্রোফাইল/index.html]
[www.careerki.com/category/ক্যারিয়ার-গাইড/index.html]
[www.careerki.com/category/ক্যারিয়ার-ইনফোগ্রাফিক/index.html]
[www.careerki.com/বিসিএস-প্রিলিমিনারি-প্রস্তুতি-বাংলাদেশ-ও-আন্তর্জাতিক-বিষয়াবলি/index.html]
[www.careerki.com/category/ক্যারিয়ারকী-পাঁচমিশালি/index.html]
[www.careerki.com/বিসিএস-প্রিলিমিনারি-প্রস্তুতি-গাণিতিক-যুক্তি-ও-মানসিক-দক্ষতা/index.html]
[www.careerki.com/বিসিএস-প্রিলিমিনারি-প্রস্তুতি-বাংলা/index.html]
[www.careerki.com/বিসিএস-প্রিলিমিনারি-প্রস্তুতি-ইংরেজি/index.html]
[www.careerki.com/সিভি-রিভিউ-কীভাবে-করবেন/index.html]
[www.careerki.com/ডিজাইনে-ফ্রিল্যান্সিং-৩-ক্ষেত্র/index.html]
[www.careerki.com/wp-json/oembed/1.0/embed6e20.json]
[www.careerki.com/wp-json/oembed/1.0/embed9060]
[www.careerki.com/শিক্ষা-খাতে-উন্নয়ন-সংস্থা-বাংলাদেশ/index.html]
[www.careerki.com/wp-content/uploads/2018/04/c-p-t-800x300.png]
[www.careerki.com/বিজ্ঞাপনী-সংস্থায়-কাজের-ক্ষেত্র-ইনফোগ্রাফিক/index.html]
[www.careerki.com/চতুর্থ-শিল্প-বিপ্লব-ইনফোগ্রাফিক/index.html]
[www.careerki.com/বাংলাদেশের-জাহাজ-শিল্প-ইনফোগ্রাফিক/index.html]
[www.careerki.com/বাংলাদেশ-সেনাবাহিনীর-কোর-ইনফোগ্রাফিক/index.html]
[connect.facebook.net/en_US/sdk.js]
[www.careerki.com/সাংবাদিকতার-প্রকারভেদ-ইনফোগ্রাফিক/index.html]
[www.careerki.com/বাংলাদেশ-সিভিল-সার্ভিস-ক্যাডার-২-ইনফোগ্রাফিক/index.html]
[www.careerki.com/বাংলাদেশের-বেকারত্ব-সমস্যা-ইনফোগ্রাফিক/index.html]
[www.careerki.com/বাংলাদেশের-কর্মক্ষেত্র-ইনফোগ্রাফিক/index.html]
[www.careerki.com/এক-নজরে-বিকেএসপি-ইনফোগ্রাফিক/index.html]
[www.careerki.com/wp-content/plugins/wp-viral-quiz-gr/resources/components/store2/dist/store2.min5152.js]
[www.careerki.com/এমএস-এক্সেলের-উপকারী-শর্টকাট-কী-ইনফোগ্রাফিক/index.html]
[www.careerki.com/wp-content/plugins/wp-viral-quiz-gr/resources/components/lodash/dist/lodash.min5152.js]
[www.careerki.com/বাংলাদেশ-সিভিল-সার্ভিস-ক্যাডার-১-ইনফোগ্রাফিক/index.html]
[www.careerki.com/ব্যবসায়-প্রশাসনের-বিষয়-ইনফোগ্রাফিক/index.html]
[www.careerki.com/wp-content/plugins/wp-viral-quiz-gr/resources/js/fo/social-media5152.js]
[www.careerki.com/অ্যাকাউন্টিংয়ের-প্রকারভেদ-ইনফোগ্রাফিক/index.html]
[www.careerki.com/wp-content/plugins/wp-viral-quiz-gr/resources/js/fo/quiz-perso5152.js]
[www.careerki.com/wp-content/plugins/wp-viral-quiz-gr/resources/js/fo/global5152.js]
[www.careerki.com/careerki-psychometric-test/index.html]
[www.careerki.com/ক্যারিয়ার-প্রস্তুতি-কখন-শুরু-করা-উচিত/index.html]
[www.careerki.com/wp-json/oembed/1.0/embed8fb9.json]
[www.careerki.com/ব্যবসার-ক্ষেত্রে-ডাটা-কী-ও-কেন/index.html]
[www.careerki.com/ইন্ডাস্ট্রিয়াল-অ্যান্ড-প্রোডাকশন-ইঞ্জিনিয়ার/index.html]
[www.careerki.com/wp-json/oembed/1.0/embed1548]
[www.careerki.com/প্যাথলজিস্ট/index.html]
[www.careerki.com/ইলেকট্রিশিয়ান/index.html]
[www.careerki.com/wp-content/uploads/2018/08/careerki-content-800x300.png]
[www.careerki.com/ল্যাবরেটরি-ম্যানেজার-গার্মেন্টস-শিল্প/index.html]
[www.careerki.com/ইন্টেলেকচুয়াল-প্রপার্টি-ও-কপিরাইট-আইনে-ক্যারিয়ার/index.html]
[www.careerki.com/লেফটেন্যান্ট/index.html]
[www.careerki.com/ব্যবসার-প্রসারে-সোশ্যাল-মিডিয়া/index.html]
[www.careerki.com/ফিজিওথেরাপিস্ট/index.html]
[www.careerki.com/মনিটরিং-অফিসার-উন্নয়ন-খাত/index.html]
[www.careerki.com/8698-autosave-v1/index.html]
[www.careerki.com/ডাটাবেজ-অ্যাডমিনিস্ট্রেটর/index.html]
[www.careerki.com/wp-includes/js/jquery/ui/widget.mine899.js]
[www.careerki.com/wp-includes/js/jquery/ui/mouse.mine899.js]
[www.careerki.com/পোলট্রি-ফার্ম-সুপারভাইজার/index.html]
[www.careerki.com/wp-includes/js/jquery/ui/button.mine899.js]
[www.careerki.com/wp-includes/js/jquery/jquery.ui.touch-punchc682.js]
[www.careerki.com/wp-includes/js/jquery/ui/draggable.mine899.js]
[www.careerki.com/wp-includes/js/jquery/ui/droppable.mine899.js]
[www.careerki.com/সিরামিক-ইঞ্জিনিয়ার/index.html]
[www.careerki.com/wp-includes/js/jquery/ui/sortable.mine899.js]
[www.careerki.com/wp-includes/js/jquery/ui/resizable.mine899.js]
[www.careerki.com/wp-includes/js/jquery/ui/position.mine899.js]
[www.careerki.com/wp-includes/js/jquery/ui/dialog.mine899.js]
[www.careerki.com/wp-includes/js/jquery/ui/tabs.mine899.js]
[www.careerki.com/কাস্টমার-কেয়ার-অফিসার/index.html]
[www.careerki.com/wp-includes/js/jquery/ui/slider.mine899.js]
[www.careerki.com/wp-includes/js/jquery/ui/spinner.mine899.js]
[www.careerki.com/wp-includes/js/jquery/ui/progressbar.mine899.js]
[www.careerki.com/wp-content/plugins/wp-fsqm-pro/bower_components/jqueryui-timepicker-addon/dist/jquery-ui-timepicker-addon.min38b7.js]
[www.careerki.com/wp-content/plugins/wp-fsqm-pro/bower_components/jQuery.printElement/dist/jquery.printelement.min38b7.js]
[www.careerki.com/সাপ্লাই-চেইন-ম্যানেজমেন্ট-অফিসার/index.html]
[www.careerki.com/wp-content/plugins/wp-fsqm-pro/bower_components/jquery-mousewheel/jquery.mousewheel.min38b7.js]
[www.careerki.com/wp-content/plugins/wp-fsqm-pro/bower_components/jquery-json/dist/jquery.json.min38b7.js]
[www.careerki.com/wp-includes/js/jquery/ui/menu.mine899.js]
[www.careerki.com/কম্পিউটার-অপারেটর/index.html]
[www.careerki.com/wp-includes/js/wp-a11y.minbb49.js]
[www.careerki.com/wp-includes/js/jquery/ui/autocomplete.mine899.js]
[www.careerki.com/wp-content/plugins/wp-fsqm-pro/bower_components/keyboard/dist/js/jquery.keyboard.min38b7.js]
[www.careerki.com/wp-content/plugins/wp-fsqm-pro/static/front/js/jquery.validationEngine.min38b7.js]
[www.careerki.com/wp-content/plugins/wp-fsqm-pro/static/front/js/jquery.validationEngine-all.min38b7.js]
[www.careerki.com/wp-content/plugins/wp-fsqm-pro/bower_components/nivo-slider/jquery.nivo.slider.pack38b7.js]
[www.careerki.com/কপিরাইটার/index.html]
[www.careerki.com/wp-content/plugins/wp-fsqm-pro/bower_builds/jquery-typewatch/js/jquery.typewatch.min38b7.js]
[www.careerki.com/wp-content/plugins/wp-fsqm-pro/bower_components/waypoints/lib/jquery.waypoints.min38b7.js]
[www.careerki.com/wp-content/plugins/wp-fsqm-pro/bower_components/countUp.js/dist/countUp.min38b7.js]
[www.careerki.com/wp-content/plugins/wp-fsqm-pro/bower_components/tooltipster/dist/js/tooltipster.bundle.min38b7.js]
[www.careerki.com/মেকানিক্যাল-ইঞ্জিনিয়ার/index.html]
[www.careerki.com/wp-content/plugins/wp-fsqm-pro/bower_components/jquery-throttle-debounce/jquery.ba-throttle-debounce.min38b7.js]
[www.careerki.com/স্টুডেন্ট-কাউন্সেলর/index.html]
[www.careerki.com/wp-content/plugins/wp-fsqm-pro/static/front/js/jquery.ipt-plugin-uif-front.min38b7.js]
[www.careerki.com/সেলস-রিপ্রেজেন্টেটিভ/index.html]
[www.careerki.com/wp-content/plugins/wp-fsqm-pro/bower_components/Waves/dist/waves.min38b7.js]
[www.careerki.com/ভালো-সিভির-বৈশিষ্ট্য-ইনফোগ্রাফিক/index.html]
[www.careerki.com/wp-content/plugins/wp-fsqm-pro/static/front/js/jquery.eform-material.min38b7.js]
[www.careerki.com/wp-content/plugins/wp-fsqm-pro/bower_builds/js-cookie/js/js.cookie.min38b7.js]
[www.careerki.com/সমাজকর্মী/index.html]
[www.careerki.com/wp-content/plugins/wp-fsqm-pro/static/front/js/jquery.ipt-fsqm-form.min38b7.js]
[www.careerki.com/careerki-events/index.html]
[www.careerki.com/ফ্লাইট-অ্যাটেনডেন্ট/index.html]
[www.careerki.com/প্লাম্বার/index.html]
[www.careerki.com/ক্যাড-ডিজাইনার/index.html]
[www.careerki.com/টেক্সটাইল-ইঞ্জিনিয়ার/index.html]
[www.careerki.com/ফটোগ্রাফার/index.html]
[www.careerki.com/কোয়ালিটি-কন্ট্রোল-অফিসার/index.html]
[www.careerki.com/category/ক্যারিয়ার-নির্বাচন/index.html]
[www.careerki.com/হিউম্যান-রিসোর্স-অফিসার/index.html]
[www.careerki.com/ফার্মাসিস্ট/index.html]
[www.careerki.com/category/চাকরির-খোঁজ-ও-প্রস্তুতি/index.html]
[www.careerki.com/category/স্কিল-ডেভেলপমেন্ট/index.html]
[www.careerki.com/প্রোডাকশন-অফিসার-ফুড-অ্যান্ড-বেভারেজ/index.html]
[www.careerki.com/category/উদ্যোগ-ও-উদ্যোক্তা/index.html]
[www.careerki.com/আইটি-ম্যানেজার/index.html]
[www.careerki.com/কৃষি-খাতের-বিষয়-ইনফোগ্রাফিক/index.html]
[www.careerki.com/আবহাওয়াবিদ/index.html]
[www.careerki.com/ফ্যাশন-ডিজাইনার/index.html]
[www.careerki.com/পাওয়ারপয়েন্ট-স্লাইড-ইনফোগ্রাফিক/index.html]
[www.careerki.com/কারিগরি-শিক্ষার-বিভিন্ন-বিষয়-ইনফোগ্রাফিক/index.html]
[www.careerki.com/ভালো-প্রেজেন্টেশন-৭-বিষয়/index.html]
[www.careerki.com/চার্টার্ড-ম্যানেজমেন্ট-অ্যাকাউন্ট্যান্ট/index.html]
[www.careerki.com/লিংকডইন-কী-ও-কেন-ইনফোগ্রাফিক/index.html]
[www.careerki.com/নার্স/index.html]
[www.careerki.com/গ্রাফিক-ডিজাইনার/index.html]
[www.careerki.com/সহকারী-জজ/index.html]
[www.careerki.com/থ্রিডি-অ্যানিমেটর/index.html]
[www.careerki.com/অ্যাগ্রো-ফুড-বিজনেসে-সাফল্য/index.html]
[www.careerki.com/wp-json/oembed/1.0/embeded44.json]
[www.careerki.com/থ্রিডি-আর্টিস্ট/index.html]
[www.careerki.com/wp-json/oembed/1.0/embed7f5d]
[www.careerki.com/অভিনেতা/index.html]
[www.careerki.com/হোটেল-ম্যানেজার/index.html]
[www.careerki.com/wp-content/uploads/2018/08/bcs-customs-cadre-profile-75x75.png]
[www.careerki.com/কনস্ট্রাকশন-ম্যানেজার/index.html]
[www.careerki.com/wp-content/uploads/2018/08/news-presenter-profile-75x75.png]
[www.careerki.com/wp-content/uploads/2018/05/librarian-profile-75x75.png]
[www.careerki.com/wp-content/uploads/2018/08/using-google-docs-1-75x75.png]
[www.careerki.com/ফিশারিজ-অফিসার/index.html]
[www.careerki.com/wp-content/uploads/2018/08/interview-preparation-10-tips-75x75.jpg]
[www.careerki.com/wp-content/uploads/2018/08/cooking-as-a-career-75x75.png]
[www.careerki.com/wp-includes/js/mediaelement/mediaelement-and-player.min45a0.js]
[www.careerki.com/wp-includes/js/mediaelement/mediaelement-migrate.minbb49.js]
[www.careerki.com/বিসিএস-লাইভস্টক/index.html]
[www.careerki.com/wp-includes/js/mediaelement/wp-mediaelement.minbb49.js]
[www.careerki.com/about-us/index.html]
[www.careerki.com/wp-includes/js/mediaelement/renderers/vimeo.min45a0.js]
[www.careerki.com/ডেন্টিস্ট/index.html]
[www.careerki.com/wp-json/oembed/1.0/embed6936.json]
[www.careerki.com/শিক্ষাবিদ/index.html]
[www.careerki.com/অনলাইন-ব্যবসায়-সাফল্য/index.html]
[www.careerki.com/wp-json/oembed/1.0/embed701b]
[www.careerki.com/অ্যাগ্রো-ফুড-বিজনেসের-চ্যালেঞ্জ/index.html]
[www.careerki.com/wp-content/uploads/2018/04/careerki-feedback-800x300.png]
[www.careerki.com/wp-content/uploads/2018/08/information-technologist-profile-75x75.png]
[www.careerki.com/অর্থোপেডিক-ডাক্তার/index.html]
[www.careerki.com/wp-content/uploads/2018/08/news-editor-profile-75x75.png]
[www.careerki.com/wp-content/uploads/2018/06/communication-skills-75x75.jpg]
[www.careerki.com/wp-content/uploads/2018/08/psychologist-psychiatrist-differences-75x75.png]
[www.careerki.com/wp-content/uploads/2018/06/bangladesh-banking-careers-75x75.jpg]
[www.careerki.com/সাইকোলজিস্ট-ও-সাইকিয়াট্রিস্টের-পার্থক্য/index.html]
[www.careerki.com/wp-content/plugins/wp-fsqm-pro/bower_components/select2/dist/js/select2.min38b7.js]
[www.careerki.com/provide-your-feedback/index.html]
[www.careerki.com/ডায়েটিশিয়ান/index.html]
[www.careerki.com/বাংলাদেশে-অনলাইন-ব্যবসার-চ্যালেঞ্জ/index.html]
[www.careerki.com/ফিজিওথেরাপি-কী-ও-কোথায়-পড়বেন/index.html]
[www.careerki.com/বাংলাদেশে-পাইলট-হবার-ট্রেনিং-যেখানে-নেবেন/index.html]
[www.careerki.com/wp-json/oembed/1.0/embedbbd6.json]
[www.careerki.com/wp-json/oembed/1.0/embed0996]
[www.careerki.com/wp-content/uploads/2018/05/lawyer-profile-75x75.png]
[www.careerki.com/বিসিএস-কাস্টমস/index.html]
[www.careerki.com/wp-content/uploads/2019/05/word-processing-basic-rules-careerki-75x75.png]
[www.careerki.com/wp-content/uploads/2018/08/interview-mistakes-to-avoid-75x75.png]
[www.careerki.com/contact/index.html]
[www.careerki.com/নিউজ-প্রেজেন্টার/index.html]
[www.careerki.com/লাইব্রেরিয়ান/index.html]
[www.careerki.com/wp-json/oembed/1.0/embed8696.json]
[www.careerki.com/গুগল-ডক্সের-ব্যবহার-১/index.html]
[www.careerki.com/wp-json/oembed/1.0/embedf1d4]
[www.careerki.com/terms-of-service/index.html]
[www.careerki.com/ইন্টারভিউ-প্রস্তুতি-১০-জরুরি-বিষয়/index.html]
[www.careerki.com/পেশা-যখন-রান্নাবান্না/index.html]
[www.careerki.com/wp-json/oembed/1.0/embedbdaa.json]
[www.careerki.com/ইনফরমেশন-টেকনোলজিস্ট/index.html]
[www.careerki.com/রাইড-অপারেটর/index.html]
[www.careerki.com/wp-json/oembed/1.0/embed725a]
[www.careerki.com/wp-content/uploads/2018/08/storekeeper-profile-75x75.png]
[www.careerki.com/নিউজ-এডিটর/index.html]
[www.careerki.com/wp-content/uploads/2019/03/cv-review-checklist-careerki-75x75.png]
[www.careerki.com/wp-content/uploads/2018/06/bangladesh-labor-migration-75x75.jpg]
[www.careerki.com/যোগাযোগের-দক্ষতা-বাড়াবেন-কীভাবে/index.html]
[www.careerki.com/wp-content/uploads/2018/04/h-t-o-y-l-p-75x75.png]
[www.careerki.com/privacy-policy/index.html]
[www.careerki.com/wp-content/plugins/indeed-membership-pro/assets/fonts/fontawesome-webfonte0a5.html]
[www.careerki.com/wp-content/plugins/indeed-membership-pro/assets/fonts/fontawesome-webfonte0a5.svg]
[www.careerki.com/wp-content/themes/careerki/images/facebook-icon.svg]
[www.careerki.com/ব্যাংকিং-খাতে-চাকরি-যেমন-হয়/index.html]
[www.careerki.com/wp-content/themes/careerki/images/youtube-icon.svg]
[www.careerki.com/আইনজীবী/index.html]
[www.careerki.com/ইন্টারভিউর-১০-ভুল/index.html]
[www.careerki.com/wp-content/themes/careerki/images/linkedin-icon.svg]
[www.careerki.com/ট্রেডার/index.html]
[www.careerki.com/ফান্ড-ম্যানেজার/index.html]
[www.careerki.com/wp-content/themes/careerki/images/search-icon.svg]
[www.careerki.com/স্টোর-কিপার/index.html]
[www.careerki.com/রেডিওলজি-টেকনিশিয়ান/index.html]
[www.careerki.com/wp-content/themes/careerki/images/checkmark.svg]
[www.careerki.com/স্বল্প-খরচে-বিদেশে-কাজ-করণীয়/index.html]
[www.careerki.com/wp-content/themes/careerki/images/checkmark-branded.svg]
[www.careerki.com/wp-content/themes/careerki/images/arrow-down-branded.svg]
[www.careerki.com/wp-content/themes/careerki/images/arrow-up-branded.svg]
[www.careerki.com/লিংকডইন-প্রোফাইল-সাজাবেন-যেভাবে/index.html]
[www.careerki.com/wp-content/uploads/2018/08/improving-public-speaking-150x150.jpg]
[www.careerki.com/wp-content/uploads/2018/08/volunteering-career-benefits-150x150.png]
[www.careerki.com/wp-content/uploads/2018/08/surveyor-profile-150x150.png]
[www.careerki.com/wp-content/uploads/2018/08/capital-for-business-bangladesh-150x150.png]
[www.careerki.com/career-content/page/3/index.html]
[www.careerki.com/wp-content/uploads/2018/08/graphic-design-software-150x150.png]
[www.careerki.com/wp-content/uploads/2018/08/video-industry-work-150x150.png]
[www.careerki.com/wp-content/uploads/2018/08/license-professions-bangladesh-150x150.png]
[www.careerki.com/প্রোডাক্ট-ম্যানেজার/index.html]
[www.careerki.com/wp-content/uploads/2018/08/hr-responsibilities-150x150.png]
[www.careerki.com/wp-content/uploads/2018/08/importance-of-networking-150x150.png]
[www.careerki.com/wp-content/uploads/2018/08/interview-mistakes-to-avoid-150x150.png]
[www.careerki.com/পাবলিক-স্পিকিংয়ে-ভালো-করার-৫-উপায়/index.html]
[www.careerki.com/wp-content/uploads/2018/08/excel-functions-2-150x150.png]
[www.careerki.com/wp-content/uploads/2018/08/community-engagement-officer-profile-150x150.png]
[www.careerki.com/wp-content/uploads/2018/08/excel-functions-1-150x150.png]
[www.careerki.com/wp-content/uploads/2018/08/academia-industry-partnership-india-150x150.png]
[www.careerki.com/wp-content/uploads/2018/08/portfolio-benefits-150x150.png]
[www.careerki.com/ক্যারিয়ার-গড়ায়-ভলান্টারি-কাজের-সুবিধা/index.html]
[www.careerki.com/wp-content/uploads/2018/08/news-presenter-profile-150x150.png]
[www.careerki.com/wp-content/uploads/2018/08/fitness-trainer-profile-150x150.png]
[www.careerki.com/সার্ভেয়ার/index.html]
[www.careerki.com/wp-content/uploads/2018/08/interview-preparation-10-tips-150x150.jpg]
[www.careerki.com/wp-content/uploads/2018/08/radio-jockey-profile-150x150.png]
[www.careerki.com/wp-content/uploads/2018/08/speech-therapist-profile-150x150.png]
[www.careerki.com/wp-content/uploads/2018/08/travel-agent-profile-150x150.png]
[www.careerki.com/wp-content/uploads/2018/08/painter-profile-150x150.png]
[www.careerki.com/wp-content/uploads/2018/08/auditor-profile-150x150.png]
[www.careerki.com/wp-content/uploads/2018/08/animator-profile-150x150.png]
[www.careerki.com/ব্যবসার-জন্য-পুঁজি/index.html]
[www.careerki.com/wp-content/uploads/2018/08/mining-engineer-profile-150x150.png]
[www.careerki.com/wp-content/uploads/2018/08/logistics-officer-profile-150x150.png]
[www.careerki.com/wp-content/uploads/2018/08/management-consultant-profile-150x150.png]
[www.careerki.com/গ্রাফিক-ডিজাইনের-সফটওয়্যার/index.html]
[www.careerki.com/wp-content/uploads/2018/08/storekeeper-profile-150x150.png]
[www.careerki.com/wp-content/uploads/2018/08/microbiologist-profile-150x150.png]
[www.careerki.com/wp-content/uploads/2018/08/urban-planner-profile-150x150.png]
[www.careerki.com/wp-content/uploads/2018/08/university-teacher-profile-150x150.png]
[www.careerki.com/ভিডিও-ইন্ডাস্ট্রির-কাজ/index.html]
[www.careerki.com/wp-content/uploads/2018/08/doctor-urologist-profile-150x150.png]
[www.careerki.com/wp-content/uploads/2018/08/veterinary-doctor-profile-150x150.png]
[www.careerki.com/wp-content/uploads/2018/08/water-resource-engineer-profile-150x150.png]
[www.careerki.com/wp-content/uploads/2018/08/waiter-profile-150x150.png]
[www.careerki.com/লাইসেন্স-দরকার-হয়-যেসব-ক্যারিয়ারে/index.html]
[www.careerki.com/wp-content/uploads/2018/08/midwife-profile-150x150.png]
[www.careerki.com/wp-content/uploads/2018/08/primary-school-teacher-profile-150x150.png]
[www.careerki.com/wp-content/uploads/2018/08/sound-engineer-profile-150x150.png]
[www.careerki.com/wp-content/uploads/2018/08/field-facilitator-profile-150x150.png]
[www.careerki.com/মানবসম্পদ-বিভাগের-কাজ/index.html]
[www.careerki.com/wp-content/uploads/2018/08/public-health-officer-profile-150x150.png]
[www.careerki.com/wp-content/uploads/2018/08/environmental-engineer-profile-150x150.png]
[www.careerki.com/wp-content/uploads/2018/08/biotechnologist-profile-150x150.png]
[www.careerki.com/wp-content/uploads/2018/08/program-officer-profile-150x150.png]
[www.careerki.com/নেটওয়ার্কিং-কী-ও-কর্মজীবনে-এর-গুরুত্ব/index.html]
[www.careerki.com/wp-content/uploads/2018/08/psychriatrist-profile-150x150.png]
[www.careerki.com/wp-content/uploads/2018/08/doctor-radiologist-profile-150x150.png]
[www.careerki.com/wp-content/uploads/2018/08/loan-officer-profile-150x150.png]
[www.careerki.com/wp-content/uploads/2018/08/chef-profile-150x150.png]
[www.careerki.com/এমএস-এক্সেলের-গুরুত্বপূর্ণ-ফাংশন-২/index.html]
[www.careerki.com/wp-content/uploads/2018/08/disaster-manager-profile-150x150.png]
[www.careerki.com/wp-content/uploads/2018/08/ac-technician-profile-150x150.png]
[www.careerki.com/wp-content/uploads/2018/08/program-coordinator-profile-150x150.png]
[www.careerki.com/কমিউনিটি-এনগেজমেন্ট-অফিসার/index.html]
[www.careerki.com/wp-content/uploads/2018/08/aerospace-engineer-profile-150x150.png]
[www.careerki.com/wp-content/uploads/2018/08/gis-specialist-profile-150x150.png]
[www.careerki.com/wp-content/uploads/2018/08/interior-designer-profile-150x150.png]
[www.careerki.com/wp-content/uploads/2018/08/cardiac-nurse-profile-150x150.png]
[www.careerki.com/wp-content/uploads/2018/08/hes-specialist-150x150.png]
[www.careerki.com/এমএস-এক্সেলের-গুরুত্বপূর্ণ-ফাংশন-১/index.html]
[www.careerki.com/wp-content/uploads/2018/08/community-health-worker-profile-150x150.png]
[www.careerki.com/wp-content/uploads/2018/08/network-architect-profile-150x150.png]
[www.careerki.com/wp-content/uploads/2018/08/news-editor-profile-150x150.png]
[www.careerki.com/wp-content/uploads/2018/08/nuclear-engineer-profile-150x150.png]
[www.careerki.com/হল্যান্ড-থিওরির-ব্যাখ্যা/index.html]
[www.careerki.com/wp-content/uploads/2018/08/medical-technologist-profile-150x150.png]
[www.careerki.com/wp-content/uploads/2018/08/petroleum-engineer-profile-150x150.png]
[www.careerki.com/wp-content/uploads/2018/08/photographer-profile-150x150.png]
[www.careerki.com/wp-content/uploads/2018/08/information-technologist-profile-150x150.png]
[www.careerki.com/একাডেমিয়া-ইন্ডাস্ট্রি-পার্টনারশিপ-ভারত/index.html]
[www.careerki.com/wp-content/uploads/2018/08/forensic-expert-profile-150x150.png]
[www.careerki.com/wp-content/uploads/2018/08/software-engineer-profile-150x150.png]
[www.careerki.com/wp-content/uploads/2018/08/banking-training-bangladesh-150x150.png]
[www.careerki.com/ক্রেডিট-অ্যান্ড-রিস্ক-অ্যানালিস্ট/index.html]
[www.careerki.com/wp-content/uploads/2018/08/researcher-qualities-150x150.png]
[www.careerki.com/wp-content/uploads/2018/08/ca-acca-150x150.png]
[www.careerki.com/wp-content/uploads/2018/08/supply-chain-management-150x150.png]
[www.careerki.com/wp-content/uploads/2018/08/jobs-at-risk-industry-4-150x150.png]
[www.careerki.com/wp-content/uploads/2018/08/bcs-education-cadre-profile-150x150.png]
[www.careerki.com/হাউসকিপার/index.html]
[www.careerki.com/wp-content/uploads/2018/08/cad-designer-profile-150x150.png]
[www.careerki.com/wp-content/uploads/2018/08/chartered-accountant-profile-150x150.png]
[www.careerki.com/career-content/page/2/index.html]
[www.careerki.com/নকশিকাঁথা-কারিগর/index.html]
[www.careerki.com/ট্যুর-গাইড/index.html]
[www.careerki.com/পোর্টফোলিও-কী-ও-কেন/index.html]
[www.careerki.com/প্রোডাক্ট-ম্যানেজার-ও-প্রজেক্ট-ম্যানেজারের-মধ্যে-পার্থক্য/index.html]
[www.careerki.com/কীভাবে-দোকান-খুলবেন/index.html]
[www.careerki.com/পদার্থবিজ্ঞানে-ক্যারিয়ার/index.html]
[www.careerki.com/ফাস্ট-ফুড-ব্যবসায়-সাফল্য/index.html]
[www.careerki.com/অডিট-কিংবা-অডিটিং-নিয়ে-কাজ/index.html]
[www.careerki.com/ফিটনেস-ট্রেইনার/index.html]
[www.careerki.com/আইটি-সেক্টরে-ক্যারিয়ার/index.html]
[www.careerki.com/রেডিও-জকি/index.html]
[www.careerki.com/হল্যান্ড-থিওরিতে-ব্যক্তিত্বের-ধরন/index.html]
[www.careerki.com/কনস্ট্রাকশন-ইলেকট্রিশিয়ান/index.html]
[www.careerki.com/টিকেট-ম্যানেজার/index.html]
[www.careerki.com/স্পিচ-অ্যান্ড-ল্যাঙ্গুয়েজ-থেরাপিস্ট/index.html]
[www.careerki.com/ফুলের-ব্যবসা-কীভাবে-করবেন/index.html]
[www.careerki.com/ম্যানিকিউরিস্ট/index.html]
[www.careerki.com/গাইনিকোলজিস্ট/index.html]
[www.careerki.com/ভিডিও-এডিটিং-কোর্স-কোথায়-করবেন/index.html]
[www.careerki.com/ট্রাভেল-এজেন্ট/index.html]
[www.careerki.com/ডিজিটাল-মার্কেটিং-কত-প্রকার/index.html]
[www.careerki.com/পেইন্টার/index.html]
[www.careerki.com/ওয়ার্ড-প্রসেসিংয়ের-নিয়মাবলি/index.html]
[www.careerki.com/অডিটর/index.html]
[www.careerki.com/ক্যারিয়ারে-মেন্টরের-প্রয়োজনীয়তা/index.html]
[www.careerki.com/অ্যানিমেটর/index.html]
[www.careerki.com/মাইনিং-ইঞ্জিনিয়ার/index.html]
[www.careerki.com/লেখালেখিতে-ফ্রিল্যান্সিং/index.html]
[www.careerki.com/লজিস্টিকস-অফিসার/index.html]
[www.careerki.com/পার্ট-টাইম-চাকরির-সুযোগ-কোথায়-থাকে/index.html]
[www.careerki.com/ম্যানেজমেন্ট-কনসালট্যান্ট/index.html]
[www.careerki.com/হার্ড-স্কিল-ও-সফট-স্কিল/index.html]
[www.careerki.com/মাইক্রোবায়োলজিস্ট/index.html]
[www.careerki.com/জিআরই-ও-জিম্যাটের-প্রস্তুতি/index.html]
[www.careerki.com/নগর-পরিকল্পনাবিদ/index.html]
[www.careerki.com/মার্কিন-যুক্তরাষ্ট্রে-পোস্টগ্র্যাজুয়েশন/index.html]
[www.careerki.com/বিশ্ববিদ্যালয়-শিক্ষক/index.html]
[www.careerki.com/কীভাবে-কভার-লেটার-লিখবেন/index.html]
[www.careerki.com/ইউরোলজিস্ট/index.html]
[www.careerki.com/ভেটেরিনারি-ডাক্তার/index.html]
[www.careerki.com/বিসিএস-প্রিলিমিনারি-প্রস্তুতি-গাণিতিক-যুক্তি-ও-মানসিক-দক্ষতা/index.html]
[www.careerki.com/ওয়াটার-রিসোর্স-ইঞ্জিনিয়ার/index.html]
[www.careerki.com/বিসিএস-প্রিলিমিনারি-প্রস্তুতি-বাংলাদেশ-ও-আন্তর্জাতিক-বিষয়াবলি/index.html]
[www.careerki.com/ওয়েটার/index.html]
[www.careerki.com/বিসিএস-প্রিলিমিনারি-প্রস্তুতি-ইংরেজি/index.html]
[www.careerki.com/মিডওয়াইফ/index.html]
[www.careerki.com/প্রাথমিক-শিক্ষক/index.html]
[www.careerki.com/বিসিএস-প্রিলিমিনারি-প্রস্তুতি-বাংলা/index.html]
[www.careerki.com/দোকান-খোলার-চ্যালেঞ্জ/index.html]
[www.careerki.com/সিভি-রিভিউ-কীভাবে-করবেন/index.html]
[www.careerki.com/সাউন্ড-ইঞ্জিনিয়ার/index.html]
[www.careerki.com/ডিজাইনে-ফ্রিল্যান্সিং-৩-ক্ষেত্র/index.html]
[www.careerki.com/ফিল্ড-ফ্যাসিলিটেটর/index.html]
[www.careerki.com/শিক্ষা-খাতে-উন্নয়ন-সংস্থা-বাংলাদেশ/index.html]
[www.careerki.com/পাবলিক-হেলথ-অফিসার/index.html]
[www.careerki.com/এনভায়রনমেন্টাল-ইঞ্জিনিয়ার/index.html]
[www.careerki.com/বিজ্ঞাপনী-সংস্থায়-কাজের-ক্ষেত্র-ইনফোগ্রাফিক/index.html]
[www.careerki.com/বায়োটেকনোলজিস্ট/index.html]
[www.careerki.com/চতুর্থ-শিল্প-বিপ্লব-ইনফোগ্রাফিক/index.html]
[www.careerki.com/প্রোগ্রাম-অফিসার/index.html]
[www.careerki.com/বাংলাদেশের-জাহাজ-শিল্প-ইনফোগ্রাফিক/index.html]
[www.careerki.com/সাইকিয়াট্রিস্ট/index.html]
[www.careerki.com/রেডিওলজিস্ট/index.html]
[www.careerki.com/বাংলাদেশ-সেনাবাহিনীর-কোর-ইনফোগ্রাফিক/index.html]
[www.careerki.com/বাংলাদেশের-বেকারত্ব-সমস্যা-ইনফোগ্রাফিক/index.html]
[www.careerki.com/পিসি-সার্ভিস-টেকনিশিয়ান/index.html]
[www.careerki.com/হেমাটোলজিস্ট/index.html]
[www.careerki.com/সাংবাদিকতার-প্রকারভেদ-ইনফোগ্রাফিক/index.html]
[www.careerki.com/বিসিএস-পরিসংখ্যান/index.html]
[www.careerki.com/বাংলাদেশ-সিভিল-সার্ভিস-ক্যাডার-২-ইনফোগ্রাফিক/index.html]
[www.careerki.com/বিসিএস-পরিবার-পরিকল্পনা/index.html]
[www.careerki.com/স্পোর্টস-কোচ/index.html]
[www.careerki.com/বাংলাদেশ-সিভিল-সার্ভিস-ক্যাডার-১-ইনফোগ্রাফিক/index.html]
[www.careerki.com/এক-নজরে-বিকেএসপি-ইনফোগ্রাফিক/index.html]
[www.careerki.com/লোন-অফিসার/index.html]
[www.careerki.com/এমএস-এক্সেলের-উপকারী-শর্টকাট-কী-ইনফোগ্রাফিক/index.html]
[www.careerki.com/বিজনেস-অ্যানালিস্ট/index.html]
[www.careerki.com/দুর্যোগ-ব্যবস্থাপক/index.html]
[www.careerki.com/শেফ/index.html]
[www.careerki.com/বাংলাদেশের-কর্মক্ষেত্র-ইনফোগ্রাফিক/index.html]
[www.careerki.com/ব্যবসায়-প্রশাসনের-বিষয়-ইনফোগ্রাফিক/index.html]
[www.careerki.com/এসি-টেকনিশিয়ান/index.html]
[www.careerki.com/অ্যাকাউন্টিংয়ের-প্রকারভেদ-ইনফোগ্রাফিক/index.html]
[www.careerki.com/প্রোগ্রাম-কোঅর্ডিনেটর/index.html]
[www.careerki.com/অ্যারোস্পেস-ইঞ্জিনিয়ার/index.html]
[www.careerki.com/ক্যারিয়ার-প্রস্তুতি-কখন-শুরু-করা-উচিত/index.html]
[www.careerki.com/জিআইএস-স্পেশালিস্ট/index.html]
[www.careerki.com/ব্যবসার-ক্ষেত্রে-ডাটা-কী-ও-কেন/index.html]
[www.careerki.com/ল্যাব-সহকারী-শিক্ষা-প্রতিষ্ঠান/index.html]
[www.careerki.com/ইন্ডাস্ট্রিয়াল-অ্যান্ড-প্রোডাকশন-ইঞ্জিনিয়ার/index.html]
[www.careerki.com/ইন্টেরিয়র-ডিজাইনার/index.html]
[www.careerki.com/প্যাথলজিস্ট/index.html]
[www.careerki.com/কার্ডিয়াক-নার্স/index.html]
[www.careerki.com/হেলথ-এনভায়রনমেন্ট-অ্যান্ড-সেফটি-স্পেশালিস্ট/index.html]
[www.careerki.com/ইলেকট্রিশিয়ান/index.html]
[www.careerki.com/কমিউনিটি-স্বাস্থ্যকর্মী/index.html]
[www.careerki.com/ল্যাবরেটরি-ম্যানেজার-গার্মেন্টস-শিল্প/index.html]
[www.careerki.com/নেটওয়ার্ক-আর্কিটেক্ট/index.html]
[www.careerki.com/ইন্টেলেকচুয়াল-প্রপার্টি-ও-কপিরাইট-আইনে-ক্যারিয়ার/index.html]
[www.careerki.com/নিউক্লিয়ার-ইঞ্জিনিয়ার/index.html]
[www.careerki.com/মেডিকেল-টেকনোলজিস্ট/index.html]
[www.careerki.com/লেফটেন্যান্ট/index.html]
[www.careerki.com/পেট্রোলিয়াম-ইঞ্জিনিয়ার/index.html]
[www.careerki.com/ফিজিওথেরাপিস্ট/index.html]
[www.careerki.com/নেটওয়ার্ক-ইঞ্জিনিয়ার/index.html]
[www.careerki.com/লাইফগার্ড/index.html]
[www.careerki.com/লন্ড্রি-অপারেটর/index.html]
[www.careerki.com/ডিসপ্যাচ-সুপারভাইজার/index.html]
[www.careerki.com/কার্ডিওলজিস্ট/index.html]
[www.careerki.com/wp-json/oembed/1.0/embedb00d.json]
[www.careerki.com/বারিস্তা/index.html]
[www.careerki.com/wp-json/oembed/1.0/embedf853]
[www.careerki.com/বিসিএস-সড়ক-ও-জনপথ/index.html]
[www.careerki.com/ফরেনসিক-বিশেষজ্ঞ/index.html]
[www.careerki.com/কম্পিউটার-হার্ডওয়্যার-ইঞ্জিনিয়ার/index.html]
[www.careerki.com/সফটওয়্যার-ডেভেলপার/index.html]
[www.careerki.com/ব্যাংকিং-খাতের-প্রশিক্ষণ/index.html]
[www.careerki.com/wp-content/uploads/2018/07/front-desk-receptionist-profile-800x300.png]
[www.careerki.com/রেস্টুরেন্ট-ম্যানেজার/index.html]
[www.careerki.com/wp-content/uploads/2018/08/bcs-education-cadre-profile-75x75.png]
[www.careerki.com/wp-content/uploads/2018/08/graphic-design-software-75x75.png]
[www.careerki.com/wp-content/uploads/2018/09/bangladesh-job-listing-sites-75x75.png]
[www.careerki.com/wp-content/uploads/2018/09/bkash-merchant-account-75x75.png]
[www.careerki.com/wp-includes/js/comment-reply.minbb49.js]
[www.careerki.com/8698-autosave-v1/index.html]
[www.careerki.com/ব্যবসার-প্রসারে-সোশ্যাল-মিডিয়া/index.html]
[www.careerki.com/ভালো-গবেষকের-দশটি-গুণ/index.html]
[www.careerki.com/মনিটরিং-অফিসার-উন্নয়ন-খাত/index.html]
[www.careerki.com/১০টি-চাকরি-যেগুলোর-অস্তিত্ব-ভবিষ্যতে-থাকবে-না/index.html]
[www.careerki.com/ডাটাবেজ-অ্যাডমিনিস্ট্রেটর/index.html]
[www.careerki.com/সাপ্লাই-চেইন-ম্যানেজমেন্ট-কী-ও-কেন/index.html]
[www.careerki.com/সিএ-ও-এসিসিএর-মধ্যে-৫-টি-পার্থক্য/index.html]
[www.careerki.com/পোলট্রি-ফার্ম-সুপারভাইজার/index.html]
[www.careerki.com/সিরামিক-ইঞ্জিনিয়ার/index.html]
[www.careerki.com/বিসিএস-শিক্ষা-প্রভাষক/index.html]
[www.careerki.com/কাস্টমার-কেয়ার-অফিসার/index.html]
[www.careerki.com/চার্টার্ড-অ্যাকাউন্ট্যান্ট/index.html]
[www.careerki.com/মেকআপ-আর্টিস্ট-শোবিজ/index.html]
[www.careerki.com/সাপ্লাই-চেইন-ম্যানেজমেন্ট-অফিসার/index.html]
[www.careerki.com/চাকরি-খোঁজার-ওয়েবসাইট/index.html]
[www.careerki.com/কম্পিউটার-অপারেটর/index.html]
[www.careerki.com/কপিরাইটার/index.html]
[www.careerki.com/মেকানিক্যাল-ইঞ্জিনিয়ার/index.html]
[www.careerki.com/স্টুডেন্ট-কাউন্সেলর/index.html]
[www.careerki.com/সেলস-রিপ্রেজেন্টেটিভ/index.html]
[www.careerki.com/ভালো-সিভির-বৈশিষ্ট্য-ইনফোগ্রাফিক/index.html]
[www.careerki.com/সমাজকর্মী/index.html]
[www.careerki.com/ফার্মাসিস্ট/index.html]
[www.careerki.com/টেক্সটাইল-ইঞ্জিনিয়ার/index.html]
[www.careerki.com/কোয়ালিটি-কন্ট্রোল-অফিসার/index.html]
[www.careerki.com/হিউম্যান-রিসোর্স-অফিসার/index.html]
[www.careerki.com/প্রোডাকশন-অফিসার-ফুড-অ্যান্ড-বেভারেজ/index.html]
[www.careerki.com/আইটি-ম্যানেজার/index.html]
[www.careerki.com/ফ্যাশন-ডিজাইনার/index.html]
[www.careerki.com/আবহাওয়াবিদ/index.html]
[www.careerki.com/ভালো-প্রেজেন্টেশন-৭-বিষয়/index.html]
[www.careerki.com/চার্টার্ড-ম্যানেজমেন্ট-অ্যাকাউন্ট্যান্ট/index.html]
[www.careerki.com/গ্রাফিক-ডিজাইনার/index.html]
[www.careerki.com/নার্স/index.html]
[www.careerki.com/সহকারী-জজ/index.html]
[www.careerki.com/থ্রিডি-অ্যানিমেটর/index.html]
[www.careerki.com/অ্যাগ্রো-ফুড-বিজনেসে-সাফল্য/index.html]
[www.careerki.com/থ্রিডি-আর্টিস্ট/index.html]
[www.careerki.com/অভিনেতা/index.html]
[www.careerki.com/হোটেল-ম্যানেজার/index.html]
[www.careerki.com/কনস্ট্রাকশন-ম্যানেজার/index.html]
[www.careerki.com/ফিশারিজ-অফিসার/index.html]
[www.careerki.com/বিসিএস-লাইভস্টক/index.html]
[www.careerki.com/ডেন্টিস্ট/index.html]
[www.careerki.com/শিক্ষাবিদ/index.html]
[www.careerki.com/অনলাইন-ব্যবসায়-সাফল্য/index.html]
[www.careerki.com/অ্যাগ্রো-ফুড-বিজনেসের-চ্যালেঞ্জ/index.html]
[www.careerki.com/অর্থোপেডিক-ডাক্তার/index.html]
[www.careerki.com/সাইকোলজিস্ট-ও-সাইকিয়াট্রিস্টের-পার্থক্য/index.html]
[www.careerki.com/ডায়েটিশিয়ান/index.html]
[www.careerki.com/বাংলাদেশে-অনলাইন-ব্যবসার-চ্যালেঞ্জ/index.html]
[www.careerki.com/ফিজিওথেরাপি-কী-ও-কোথায়-পড়বেন/index.html]
[www.careerki.com/বাংলাদেশে-পাইলট-হবার-ট্রেনিং-যেখানে-নেবেন/index.html]
[www.careerki.com/index723d.html]
[www.careerki.com/wp-content/plugins/wp-viral-quiz-gr/resources/css/bootstrap-wrapper.css]
[www.careerki.com/বিকাশ-মার্চেন্ট-অ্যাকাউন্ট-খুলবেন-কীভাবে/index.html]
[www.careerki.com/wp-content/plugins/wp-viral-quiz-gr/resources/icons/fa/fonts/fontawesome-webfont3e6e.eot]
[www.careerki.com/8698-autosave-v1/feed/index.html]
[www.careerki.com/wp-content/plugins/wp-viral-quiz-gr/resources/icons/fa/fonts/fontawesome-webfontd41d.eot]
[www.careerki.com/wp-content/plugins/wp-viral-quiz-gr/resources/icons/fa/fonts/fontawesome-webfont3e6e.woff]
[www.careerki.com/wp-content/plugins/wp-viral-quiz-gr/resources/icons/fa/fonts/fontawesome-webfont3e6e.ttf]
[www.careerki.com/wp-content/plugins/wp-viral-quiz-gr/resources/icons/fa/css/font-awesome.min.css]
[www.careerki.com/wp-content/plugins/wp-viral-quiz-gr/resources/css/fo-style.css]
[maxcdn.bootstrapcdn.com/font-awesome/4.3.0/css/font-awesome.min.css]
[www.careerki.com/wp-content/plugins/wp-viral-quiz-gr/resources/css/skins/modern/checkbox-unchecked.jpg]
[www.careerki.com/wp-content/plugins/wp-viral-quiz-gr/resources/css/skins/modern/checkbox-checked.jpg]
[www.careerki.com/wp-content/plugins/wp-viral-quiz-gr/resources/css/skins/modern/style.css]
[connect.facebook.net/en_US/sdk.js]
[www.careerki.com/index723e.html]
[www.careerki.com/wp-content/plugins/wp-fsqm-pro/static/fonts/jquery.iconfont/font/jquery-ui1493.eot]
[www.careerki.com/wp-content/plugins/wp-fsqm-pro/static/fonts/jquery.iconfont/font/jquery-ui1493.woff]
[www.careerki.com/wp-content/plugins/wp-fsqm-pro/static/fonts/jquery.iconfont/font/jquery-ui1493.ttf]
[www.careerki.com/wp-content/plugins/wp-fsqm-pro/static/fonts/jquery.iconfont/jquery-ui.icon-font.min38b7.css]
[www.careerki.com/wp-content/plugins/wp-fsqm-pro/static/fonts/icomoon/ipt-icomoon2741.eot]
[www.careerki.com/wp-content/plugins/wp-fsqm-pro/static/fonts/icomoon/ipt-icomoon2741.ttf]
[www.careerki.com/wp-content/plugins/wp-fsqm-pro/static/fonts/icomoon/ipt-icomoon2741.woff]
[www.careerki.com/wp-content/plugins/wp-fsqm-pro/static/fonts/icomoon/icomoon.min38b7.css]
[www.careerki.com/wp-content/plugins/wp-fsqm-pro/static/front/css/animations/animate38b7.css]
[www.careerki.com/wp-content/plugins/wp-fsqm-pro/bower_components/tooltipster/dist/css/tooltipster.bundle.min38b7.css]
[www.careerki.com/wp-content/plugins/wp-fsqm-pro/bower_components/tooltipster/dist/css/plugins/tooltipster/sideTip/themes/tooltipster-sideTip-shadow.min38b7.css]
[www.careerki.com/wp-content/plugins/wp-fsqm-pro/static/front/css/jquery-ui/jquery-ui.structure38b7.css]
[www.careerki.com/wp-content/uploads/eform-custom-material/form-theme-6425bb.css]
[www.careerki.com/indexfeb3.html]
[www.careerki.com/বিসিএস-কাস্টমস/index.html]
[www.careerki.com/নিউজ-প্রেজেন্টার/index.html]
[www.careerki.com/লাইব্রেরিয়ান/index.html]
[www.careerki.com/গুগল-ডক্সের-ব্যবহার-১/index.html]
[www.careerki.com/ইন্টারভিউ-প্রস্তুতি-১০-জরুরি-বিষয়/index.html]
[www.careerki.com/পেশা-যখন-রান্নাবান্না/index.html]
[www.careerki.com/wp-includes/js/mediaelement/mediaelementplayer-legacy.min45a0.css]
[www.careerki.com/wp-includes/js/mediaelement/wp-mediaelement.minbb49.css]
[www.careerki.com/index0bb0.html]
[www.careerki.com/ইনফরমেশন-টেকনোলজিস্ট/index.html]
[www.careerki.com/রাইড-অপারেটর/index.html]
[www.careerki.com/নিউজ-এডিটর/index.html]
[www.careerki.com/যোগাযোগের-দক্ষতা-বাড়াবেন-কীভাবে/index.html]
[www.careerki.com/ব্যাংকিং-খাতে-চাকরি-যেমন-হয়/index.html]
[www.careerki.com/wp-content/uploads/eform-custom-material/form-theme-574d0a.css]
[www.careerki.com/index2cf9.html]
[www.careerki.com/আইনজীবী/index.html]
[www.careerki.com/ট্রেডার/index.html]
[www.careerki.com/ইন্টারভিউর-১০-ভুল/index.html]
[www.careerki.com/index03ab.html]
[www.careerki.com/index8e93.html]
[www.careerki.com/ফান্ড-ম্যানেজার/index.html]
[www.careerki.com/স্টোর-কিপার/index.html]
[www.careerki.com/রেডিওলজি-টেকনিশিয়ান/index.html]
[www.careerki.com/স্বল্প-খরচে-বিদেশে-কাজ-করণীয়/index.html]
[www.careerki.com/লিংকডইন-প্রোফাইল-সাজাবেন-যেভাবে/index.html]
[www.careerki.com/wp-content/uploads/2018/08/curator-profile-150x150.png]
[www.careerki.com/wp-content/uploads/2018/08/merchandiser-profile-150x150.png]
[www.careerki.com/wp-content/uploads/2018/08/branding-importance-150x150.png]
[www.careerki.com/wp-content/uploads/2018/08/marine-engineer-profile-150x150.png]
[www.careerki.com/career-content/page/4/index.html]
[www.careerki.com/wp-content/uploads/2018/08/web-developer-profile-150x150.png]
[www.careerki.com/wp-content/uploads/2018/08/capacity-building-technical-officer-150x150.png]
[www.careerki.com/wp-content/uploads/2018/08/language-professional-150x150.png]
[www.careerki.com/কিউরেটর/index.html]
[www.careerki.com/wp-content/uploads/2018/08/bank-manager-responsibilities-150x150.jpg]
[www.careerki.com/wp-content/uploads/2018/08/publishing-editor-profile-150x150.png]
[www.careerki.com/wp-content/uploads/2018/08/event-manager-profile-150x150.png]
[www.careerki.com/wp-content/uploads/2018/08/travel-guide-profile-150x150.png]
[www.careerki.com/wp-content/uploads/2018/08/cricket-coach-profile-150x150.png]
[www.careerki.com/মার্চেন্ডাইজার/index.html]
[www.careerki.com/wp-content/uploads/2018/08/psychologist-psychotherapist-differences-150x150.png]
[www.careerki.com/wp-content/uploads/2018/08/makeup-artist-profile-150x150.png]
[www.careerki.com/wp-content/uploads/2018/08/biochemist-profile-150x150.png]
[www.careerki.com/wp-content/uploads/2018/08/cartoonist-profile-150x150.png]
[www.careerki.com/হল্যান্ড-থিওরি/index.html]
[www.careerki.com/wp-content/uploads/2018/08/physical-trainer-profile-150x150.png]
[www.careerki.com/wp-content/uploads/2018/08/market-research-analyst-profile-150x150.png]
[www.careerki.com/wp-content/uploads/2018/08/bangladesh-bank-ad-profile-150x150.png]
[www.careerki.com/wp-content/uploads/2018/08/historian-profile-150x150.png]
[www.careerki.com/wp-content/uploads/2018/08/automobile-engineer-profile-150x150.png]
[www.careerki.com/চিফ-অপারেশনস-অফিসার/index.html]
[www.careerki.com/wp-content/uploads/2018/08/bcs-foreign-cadre-profile-150x150.png]
[www.careerki.com/wp-content/uploads/2018/08/housekeeping-supervisor-profile-150x150.png]
[www.careerki.com/wp-content/uploads/2018/08/hotel-receptionist-profile-150x150.png]
[www.careerki.com/wp-content/uploads/2018/09/dyeing-technician-profile-150x150.png]
[www.careerki.com/লেদ-মেশিন-টেকনিশিয়ান/index.html]
[www.careerki.com/wp-content/uploads/2018/08/food-scientist-profile-150x150.png]
[www.careerki.com/wp-content/uploads/2018/08/dental-assistant-profile-150x150.png]
[www.careerki.com/wp-content/uploads/2018/08/cartographer-profile-150x150.png]
[www.careerki.com/ফ্রিল্যান্সিংয়ে-কী-কী-কাজ-করা-যায়/index.html]
[www.careerki.com/wp-content/uploads/2018/08/bpatc-bangladesh-150x150.png]
[www.careerki.com/wp-content/uploads/2018/08/bcs-cooperative-cadre-profile-150x150.png]
[www.careerki.com/wp-content/uploads/2018/08/insurance-agent-profile-150x150.png]
[www.careerki.com/wp-content/uploads/2018/08/imam-profile-150x150.png]
[www.careerki.com/wp-content/uploads/2018/08/electriccal-engineer-profile-150x150.png]
[www.careerki.com/career-content/page/3/index.html]
[www.careerki.com/প্রোডাক্ট-ম্যানেজার/index.html]
[www.careerki.com/পাবলিক-স্পিকিংয়ে-ভালো-করার-৫-উপায়/index.html]
[www.careerki.com/ব্র্যান্ডিং-কী-ও-কেন-গুরুত্বপূর্ণ/index.html]
[www.careerki.com/বিসিএস-আনসার/index.html]
[www.careerki.com/ক্যারিয়ার-গড়ায়-ভলান্টারি-কাজের-সুবিধা/index.html]
[www.careerki.com/মেরিন-ইঞ্জিনিয়ার/index.html]
[www.careerki.com/সার্ভেয়ার/index.html]
[www.careerki.com/ক্যাড-অপারেটর-গার্মেন্টস/index.html]
[www.careerki.com/ব্যবসার-জন্য-পুঁজি/index.html]
[www.careerki.com/ওয়েব-ডেভেলপার/index.html]
[www.careerki.com/ফাস্ট-ফুড-ব্যবসার-চ্যালেঞ্জ/index.html]
[www.careerki.com/গ্রাফিক-ডিজাইনের-সফটওয়্যার/index.html]
[www.careerki.com/ক্যাপাসিটি-বিল্ডিং-টেকনিক্যাল-অফিসার/index.html]
[www.careerki.com/ভিডিও-ইন্ডাস্ট্রির-কাজ/index.html]
[www.careerki.com/ভাষা-যখন-পেশা/index.html]
[www.careerki.com/লাইসেন্স-দরকার-হয়-যেসব-ক্যারিয়ারে/index.html]
[www.careerki.com/অনলাইনে-টি-শার্ট-ব্যবসা/index.html]
[www.careerki.com/মানবসম্পদ-বিভাগের-কাজ/index.html]
[www.careerki.com/ব্যাংক-ম্যানেজারের-দায়িত্ব/index.html]
[www.careerki.com/নেটওয়ার্কিং-কী-ও-কর্মজীবনে-এর-গুরুত্ব/index.html]
[www.careerki.com/পাবলিশিং-এডিটর/index.html]
[www.careerki.com/নেফ্রোলজিস্ট/index.html]
[www.careerki.com/এমএস-এক্সেলের-গুরুত্বপূর্ণ-ফাংশন-২/index.html]
[www.careerki.com/ফায়ারম্যান/index.html]
[www.careerki.com/কমিউনিটি-এনগেজমেন্ট-অফিসার/index.html]
[www.careerki.com/ইভেন্ট-ম্যানেজার/index.html]
[www.careerki.com/এমএস-এক্সেলের-গুরুত্বপূর্ণ-ফাংশন-১/index.html]
[www.careerki.com/ডিজিটাল-মার্কেটিং-এক্সিকিউটিভ/index.html]
[www.careerki.com/হল্যান্ড-থিওরির-ব্যাখ্যা/index.html]
[www.careerki.com/ট্রাভেল-গাইড/index.html]
[www.careerki.com/একাডেমিয়া-ইন্ডাস্ট্রি-পার্টনারশিপ-ভারত/index.html]
[www.careerki.com/ক্রিকেট-কোচ/index.html]
[www.careerki.com/ক্রেডিট-অ্যান্ড-রিস্ক-অ্যানালিস্ট/index.html]
[www.careerki.com/ট্রান্সপোর্ট-ম্যানেজার/index.html]
[www.careerki.com/হাউসকিপার/index.html]
[www.careerki.com/গার্মেন্টস-শিল্পের-বিভিন্ন-বিভাগ/index.html]
[www.careerki.com/কীভাবে-দোকান-খুলবেন/index.html]
[www.careerki.com/হেয়ার-স্টাইলিস্ট/index.html]
[www.careerki.com/পোর্টফোলিও-কী-ও-কেন/index.html]
[www.careerki.com/ফুল-স্ট্যাক-ডেভেলপার/index.html]
[www.careerki.com/ফিটনেস-ট্রেইনার/index.html]
[www.careerki.com/সাইকোলজিস্ট-ও-সাইকোথেরাপিস্টের-পার্থক্য/index.html]
[www.careerki.com/অপথালমোলজিস্ট/index.html]
[www.careerki.com/ফাস্ট-ফুড-ব্যবসায়-সাফল্য/index.html]
[www.careerki.com/মেকআপ-আর্টিস্ট/index.html]
[www.careerki.com/রেডিও-জকি/index.html]
[www.careerki.com/নিউরোলজিস্ট/index.html]
[www.careerki.com/হল্যান্ড-থিওরিতে-ব্যক্তিত্বের-ধরন/index.html]
[www.careerki.com/সারেং/index.html]
[www.careerki.com/স্পিচ-অ্যান্ড-ল্যাঙ্গুয়েজ-থেরাপিস্ট/index.html]
[www.careerki.com/সিকিউরিটি-ইনচার্জ/index.html]
[www.careerki.com/ম্যানিকিউরিস্ট/index.html]
[www.careerki.com/সাইবার-সিকিউরিটি-অ্যানালিস্ট/index.html]
[www.careerki.com/গাইনিকোলজিস্ট/index.html]
[www.careerki.com/সনোলজিস্ট/index.html]
[www.careerki.com/বায়োকেমিস্ট/index.html]
[www.careerki.com/ট্রাভেল-এজেন্ট/index.html]
[www.careerki.com/কার্টুনিস্ট/index.html]
[www.careerki.com/পেইন্টার/index.html]
[www.careerki.com/ইন্ডাস্ট্রিয়াল-অ্যান্ড-অর্গানাইজেশনাল-সাইকোলজিস্ট/index.html]
[www.careerki.com/অডিটর/index.html]
[www.careerki.com/প্রযোজক/index.html]
[www.careerki.com/অ্যানিমেটর/index.html]
[www.careerki.com/ফ্যাক্টরি-ম্যানেজার/index.html]
[www.careerki.com/মাইনিং-ইঞ্জিনিয়ার/index.html]
[www.careerki.com/সাপোর্ট-ইঞ্জিনিয়ার/index.html]
[www.careerki.com/রিসার্চ-অ্যান্ড-ডেভেলপমেন্ট-অফিসার/index.html]
[www.careerki.com/লজিস্টিকস-অফিসার/index.html]
[www.careerki.com/ফিজিক্যাল-ট্রেইনার/index.html]
[www.careerki.com/ম্যানেজমেন্ট-কনসালট্যান্ট/index.html]
[www.careerki.com/বিশ্ববিদ্যালয়-রেজিস্ট্রার/index.html]
[www.careerki.com/মাইক্রোবায়োলজিস্ট/index.html]
[www.careerki.com/পার্সোনাল-অ্যাসিস্ট্যান্ট/index.html]
[www.careerki.com/নগর-পরিকল্পনাবিদ/index.html]
[www.careerki.com/মার্কেট-রিসার্চ-অ্যানালিস্ট/index.html]
[www.careerki.com/স্যানিটারি-ইন্সপেকটর/index.html]
[www.careerki.com/বিশ্ববিদ্যালয়-শিক্ষক/index.html]
[www.careerki.com/ট্রেজারার/index.html]
[www.careerki.com/ইউরোলজিস্ট/index.html]
[www.careerki.com/সহকারী-পরিচালক-বাংলাদেশ-ব্যাংক/index.html]
[www.careerki.com/ভেটেরিনারি-ডাক্তার/index.html]
[www.careerki.com/আয়কর-আইনজীবী/index.html]
[www.careerki.com/ফিল্ড-ইনিউমারেটর/index.html]
[www.careerki.com/ওয়াটার-রিসোর্স-ইঞ্জিনিয়ার/index.html]
[www.careerki.com/লেবার-ইন্সপেক্টর/index.html]
[www.careerki.com/ওয়েটার/index.html]
[www.careerki.com/ইতিহাসবিদ/index.html]
[www.careerki.com/মিডওয়াইফ/index.html]
[www.careerki.com/অটোমোবাইল-ইঞ্জিনিয়ার/index.html]
[www.careerki.com/প্রাথমিক-শিক্ষক/index.html]
[www.careerki.com/সোশ্যাল-মিডিয়া-ম্যানেজার/index.html]
[www.careerki.com/বর্জ্য-ব্যবস্থাপক/index.html]
[www.careerki.com/দোকান-খোলার-চ্যালেঞ্জ/index.html]
[www.careerki.com/বিসিএস-রেলওয়ে-ইঞ্জিনিয়ারিং/index.html]
[www.careerki.com/সাউন্ড-ইঞ্জিনিয়ার/index.html]
[www.careerki.com/ডিস্ট্রিবিউশন-ম্যানেজার/index.html]
[www.careerki.com/ফিল্ড-ফ্যাসিলিটেটর/index.html]
[www.careerki.com/সিসিটিভি-টেকনিশিয়ান/index.html]
[www.careerki.com/পাবলিক-হেলথ-অফিসার/index.html]
[www.careerki.com/থোরাসিক-সার্জন/index.html]
[www.careerki.com/এনভায়রনমেন্টাল-ইঞ্জিনিয়ার/index.html]
[www.careerki.com/অনকোলজিস্ট/index.html]
[www.careerki.com/বায়োটেকনোলজিস্ট/index.html]
[www.careerki.com/রাষ্ট্রদূত/index.html]
[www.careerki.com/ডার্মাটোলজিস্ট/index.html]
[www.careerki.com/প্রোগ্রাম-অফিসার/index.html]
[www.careerki.com/বিসিএস-পররাষ্ট্র/index.html]
[www.careerki.com/সাইকিয়াট্রিস্ট/index.html]
[www.careerki.com/হাউসকিপিং-সুপারভাইজার/index.html]
[www.careerki.com/রেডিওলজিস্ট/index.html]
[www.careerki.com/হোটেল-রিসেপশনিস্ট/index.html]
[www.careerki.com/চিফ-এক্সিকিউটিভ-অফিসার/index.html]
[www.careerki.com/পিসি-সার্ভিস-টেকনিশিয়ান/index.html]
[www.careerki.com/রেভিনিউ-অফিসার/index.html]
[www.careerki.com/হেমাটোলজিস্ট/index.html]
[www.careerki.com/ক্রীড়া-সাংবাদিক/index.html]
[www.careerki.com/বিসিএস-পরিবার-পরিকল্পনা/index.html]
[www.careerki.com/প্যালিয়েটিভ-কেয়ার-বিশেষজ্ঞ/index.html]
[www.careerki.com/বিসিএস-পরিসংখ্যান/index.html]
[www.careerki.com/ডাইং-টেকনিশিয়ান/index.html]
[www.careerki.com/স্পোর্টস-কোচ/index.html]
[www.careerki.com/পদার্থবিজ্ঞানী/index.html]
[www.careerki.com/লোন-অফিসার/index.html]
[www.careerki.com/সুইমিং-পুল-অ্যাটেনডেন্ট/index.html]
[www.careerki.com/বিজনেস-অ্যানালিস্ট/index.html]
[www.careerki.com/ওয়েল্ডার/index.html]
[www.careerki.com/শেফ/index.html]
[www.careerki.com/সোয়িং-সুপারভাইজার/index.html]
[www.careerki.com/দুর্যোগ-ব্যবস্থাপক/index.html]
[www.careerki.com/পরিচ্ছন্নতা-কর্মী/index.html]
[www.careerki.com/এসি-টেকনিশিয়ান/index.html]
[www.careerki.com/ফুড-সায়েন্টিস্ট/index.html]
[www.careerki.com/ডেন্টাল-অ্যাসিস্ট্যান্ট/index.html]
[www.careerki.com/প্রোগ্রাম-কোঅর্ডিনেটর/index.html]
[www.careerki.com/কার্টোগ্রাফার/index.html]
[www.careerki.com/অ্যারোস্পেস-ইঞ্জিনিয়ার/index.html]
[www.careerki.com/বিপিএটিসি-কী-ও-কেন/index.html]
[www.careerki.com/জিআইএস-স্পেশালিস্ট/index.html]
[www.careerki.com/ক্যাটারিং-সুপারভাইজার/index.html]
[www.careerki.com/ল্যাব-সহকারী-শিক্ষা-প্রতিষ্ঠান/index.html]
[www.careerki.com/পেডিয়াট্রিক-সার্জন/index.html]
[www.careerki.com/ইন্টেরিয়র-ডিজাইনার/index.html]
[www.careerki.com/বিসিএস-সমবায়/index.html]
[www.careerki.com/ইএনটি-বিশেষজ্ঞ/index.html]
[www.careerki.com/কার্ডিয়াক-নার্স/index.html]
[www.careerki.com/ইন্স্যুরেন্স-এজেন্ট/index.html]
[www.careerki.com/হেলথ-এনভায়রনমেন্ট-অ্যান্ড-সেফটি-স্পেশালিস্ট/index.html]
[www.careerki.com/ইমাম/index.html]
[www.careerki.com/কমিউনিটি-স্বাস্থ্যকর্মী/index.html]
[www.careerki.com/দমকল-কর্মী/index.html]
[www.careerki.com/নেটওয়ার্ক-আর্কিটেক্ট/index.html]
[www.careerki.com/নিউরোসার্জন/index.html]
[www.careerki.com/ইলেকট্রিক্যাল-ইঞ্জিনিয়ার/index.html]
[www.careerki.com/নিউক্লিয়ার-ইঞ্জিনিয়ার/index.html]
[www.careerki.com/কমি-শেফ/index.html]
[www.careerki.com/মেডিকেল-টেকনোলজিস্ট/index.html]
[www.careerki.com/পালমোনোলজিস্ট/index.html]
[www.careerki.com/পেট্রোলিয়াম-ইঞ্জিনিয়ার/index.html]
[www.careerki.com/নেটওয়ার্ক-ইঞ্জিনিয়ার/index.html]
[www.careerki.com/লাইফগার্ড/index.html]
[www.careerki.com/লন্ড্রি-অপারেটর/index.html]
[www.careerki.com/ডিসপ্যাচ-সুপারভাইজার/index.html]
[www.careerki.com/কার্ডিওলজিস্ট/index.html]
[www.careerki.com/বারিস্তা/index.html]
[www.careerki.com/বিসিএস-সড়ক-ও-জনপথ/index.html]
[www.careerki.com/ফরেনসিক-বিশেষজ্ঞ/index.html]
[www.careerki.com/কম্পিউটার-হার্ডওয়্যার-ইঞ্জিনিয়ার/index.html]
[www.careerki.com/সফটওয়্যার-ডেভেলপার/index.html]
[www.careerki.com/ব্যাংকিং-খাতের-প্রশিক্ষণ/index.html]
[www.careerki.com/রেস্টুরেন্ট-ম্যানেজার/index.html]
[www.careerki.com/ভালো-গবেষকের-দশটি-গুণ/index.html]
[www.careerki.com/সিএ-ও-এসিসিএর-মধ্যে-৫-টি-পার্থক্য/index.html]
[www.careerki.com/সাপ্লাই-চেইন-ম্যানেজমেন্ট-কী-ও-কেন/index.html]
[www.careerki.com/১০টি-চাকরি-যেগুলোর-অস্তিত্ব-ভবিষ্যতে-থাকবে-না/index.html]
[www.careerki.com/বিসিএস-শিক্ষা-প্রভাষক/index.html]
[www.careerki.com/চার্টার্ড-অ্যাকাউন্ট্যান্ট/index.html]
[www.careerki.com/indexbf32.html]
[www.careerki.com/xmlrpc.php]
[www.careerki.com/মেকআপ-আর্টিস্ট-শোবিজ/index.html]
[www.careerki.com/চাকরি-খোঁজার-ওয়েবসাইট/index.html]
[www.careerki.com/বিকাশ-মার্চেন্ট-অ্যাকাউন্ট-খুলবেন-কীভাবে/index.html]
[www.careerki.com/wp-content/plugins/wp-viral-quiz-gr/resources/icons/fa/fonts/fontawesome-webfont3e6e.html]
[www.careerki.com/অ্যাপ্লিকেশন-ডেভেলপার/index.html]
[www.careerki.com/wp-content/plugins/wp-viral-quiz-gr/resources/icons/fa/fonts/fontawesome-webfont3e6e.svg]
[maxcdn.bootstrapcdn.com/font-awesome/4.3.0/css/font-awesome.min.css]
[www.careerki.com/wp-content/plugins/wp-fsqm-pro/static/fonts/jquery.iconfont/font/jquery-ui1493.svg]
[www.careerki.com/অ্যানেসথেটিস্ট/index.html]
[www.careerki.com/হাসপাতাল-রেজিস্ট্রার/index.html]
[www.careerki.com/wp-content/plugins/wp-fsqm-pro/static/fonts/icomoon/ipt-icomoon2741.svg]
[www.careerki.com/wp-content/plugins/wp-fsqm-pro/static/front/images/ring-alt.svg]
[www.careerki.com/wp-content/plugins/wp-fsqm-pro/static/front/images/cards/generic.svg]
[www.careerki.com/wp-content/plugins/wp-fsqm-pro/static/front/images/cards/amex.svg]
[www.careerki.com/wp-content/plugins/wp-fsqm-pro/static/front/images/cards/cirrus.svg]
[www.careerki.com/wp-content/plugins/wp-fsqm-pro/static/front/images/cards/dinersclub.svg]
[www.careerki.com/wp-content/plugins/wp-fsqm-pro/static/front/images/cards/discover.svg]
[www.careerki.com/wp-content/plugins/wp-fsqm-pro/static/front/images/cards/jcb.svg]
[www.careerki.com/wp-content/plugins/wp-fsqm-pro/static/front/images/cards/maestro.svg]
[www.careerki.com/wp-content/plugins/wp-fsqm-pro/static/front/images/cards/mastercard.svg]
[www.careerki.com/wp-content/plugins/wp-fsqm-pro/static/front/images/cards/visa.svg]
[www.careerki.com/wp-includes/js/mediaelement/mejs-controls.svg]
[www.careerki.com/wp-content/uploads/2018/08/cooking-as-a-career-150x150.png]
[www.careerki.com/career-content/page/5/index.html]
[www.careerki.com/ডাটা-অ্যানালিস্ট/index.html]
[www.careerki.com/wp-content/uploads/2018/08/horticulture-specalist-profile-150x150.png]
[www.careerki.com/wp-content/uploads/2018/08/language-instructor-profile-150x150.png]
[www.careerki.com/wp-content/uploads/2018/08/10-future-jobs-150x150.png]
[www.careerki.com/ফটোসাংবাদিক/index.html]
[www.careerki.com/wp-content/uploads/2018/08/mason-profile-150x150.png]
[www.careerki.com/wp-content/uploads/2018/08/bcs-agriculture-cadre-profile-150x150.png]
[www.careerki.com/wp-content/uploads/2018/08/bcs-customs-cadre-profile-150x150.png]
[www.careerki.com/wp-content/uploads/2018/08/bcs-police-cadre-profile-150x150.png]
[www.careerki.com/wp-content/uploads/2018/08/how-to-do-networking-150x150.png]
[www.careerki.com/ফিল্ড-সুপারভাইজার/index.html]
[www.careerki.com/wp-content/uploads/2018/08/speech-therapy-bangladesh-150x150.png]
[www.careerki.com/wp-content/uploads/2018/10/improving-writing-skills-150x150.jpg]
[www.careerki.com/wp-content/uploads/2018/06/communication-skills-150x150.jpg]
[www.careerki.com/ক্যাপিটাল-মার্কেট-অ্যানালিস্ট/index.html]
[www.careerki.com/wp-content/uploads/2018/08/nursing-specialization-bangladesh-150x150.png]
[www.careerki.com/wp-content/uploads/2018/09/bkash-merchant-account-150x150.png]
[www.careerki.com/wp-content/uploads/2018/08/soft-skills-importance-150x150.png]
[www.careerki.com/wp-content/uploads/2018/10/programming-language-150x150.jpg]
[www.careerki.com/wp-content/uploads/2018/08/research-assistant-profile-150x150.png]
[www.careerki.com/wp-content/uploads/2018/08/bcs-admin-cadre-profile-150x150.png]
[www.careerki.com/অটোমোবাইল-টেকনিশিয়ান/index.html]
[www.careerki.com/wp-content/uploads/2018/06/bangladesh-labor-migration-150x150.jpg]
[www.careerki.com/wp-content/uploads/2018/06/bangladesh-ad-agencies-150x150.jpg]
[www.careerki.com/wp-content/uploads/2018/06/brac-recruitment-150x150.png]
[www.careerki.com/কৃষি-অফিসার-হর্টিকালচার/index.html]
[www.careerki.com/wp-content/uploads/2018/09/basic-skills-150x150.jpg]
[www.careerki.com/wp-content/uploads/2018/06/interview-types-150x150.jpg]
[www.careerki.com/wp-content/uploads/2018/06/photography-courses-in-bangladesh-150x150.jpg]
[www.careerki.com/wp-content/uploads/2018/06/email-etiquette-150x150.jpg]
[www.careerki.com/wp-content/uploads/2018/06/bangladesh-banking-careers-150x150.jpg]
[www.careerki.com/wp-content/uploads/2018/08/soil-scientist-profile-150x150.png]
[www.careerki.com/বিসিএস-রেলওয়ে-পরিবহন-ও-বাণিজ্যিক/index.html]
[www.careerki.com/wp-content/uploads/2018/08/security-officer-profile-150x150.png]
[www.careerki.com/wp-content/uploads/2018/08/bangladesh-medicine-industry-150x150.png]
[www.careerki.com/wp-content/uploads/2018/08/biopreneur-experience-150x150.png]
[www.careerki.com/career-content/page/4/index.html]
[www.careerki.com/কিউরেটর/index.html]
[www.careerki.com/কমপ্লায়েন্স-অফিসার/index.html]
[www.careerki.com/মার্চেন্ডাইজার/index.html]
[www.careerki.com/গানম্যান/index.html]
[www.careerki.com/হল্যান্ড-থিওরি/index.html]
[www.careerki.com/ভিডিও-এডিটর/index.html]
[www.careerki.com/চিফ-অপারেশনস-অফিসার/index.html]
[www.careerki.com/মালি/index.html]
[www.careerki.com/লেদ-মেশিন-টেকনিশিয়ান/index.html]
[www.careerki.com/এন্ডোক্রাইনোলজিস্ট/index.html]
[www.careerki.com/সিকিউরিটি-গার্ড/index.html]
[www.careerki.com/ফ্রিল্যান্সিংয়ে-কী-কী-কাজ-করা-যায়/index.html]
[www.careerki.com/ব্র্যান্ডিং-কী-ও-কেন-গুরুত্বপূর্ণ/index.html]
[www.careerki.com/স্যাটেলাইট-ইঞ্জিনিয়ার/index.html]
[www.careerki.com/বিসিএস-আনসার/index.html]
[www.careerki.com/পেডিয়াট্রিক-নিউরোলজিস্ট/index.html]
[www.careerki.com/ক্যাড-অপারেটর-গার্মেন্টস/index.html]
[www.careerki.com/পেডিয়াট্রিক-নিউরোসার্জন/index.html]
[www.careerki.com/সেলস-ম্যানেজার/index.html]
[www.careerki.com/মেরিন-ইঞ্জিনিয়ার/index.html]
[www.careerki.com/ওয়েব-ডেভেলপার/index.html]
[www.careerki.com/ল্যাঙ্গুয়েজ-ইন্সট্রাক্টর/index.html]
[www.careerki.com/সচিব/index.html]
[www.careerki.com/ফাস্ট-ফুড-ব্যবসার-চ্যালেঞ্জ/index.html]
[www.careerki.com/ভবিষ্যতের-পেশা-১০-উদাহরণ/index.html]
[www.careerki.com/ক্যাপাসিটি-বিল্ডিং-টেকনিক্যাল-অফিসার/index.html]
[www.careerki.com/বেসরকারি-স্কুল-শিক্ষক/index.html]
[www.careerki.com/রাজমিস্ত্রি/index.html]
[www.careerki.com/ভাষা-যখন-পেশা/index.html]
[www.careerki.com/অনলাইনে-টি-শার্ট-ব্যবসা/index.html]
[www.careerki.com/রিস্ক-ম্যানেজমেন্ট-অ্যানালিস্ট/index.html]
[www.careerki.com/ব্যাংক-ম্যানেজারের-দায়িত্ব/index.html]
[www.careerki.com/সোলার-টেকনিশিয়ান/index.html]
[www.careerki.com/পাবলিশিং-এডিটর/index.html]
[www.careerki.com/বিসিএস-কৃষি/index.html]
[www.careerki.com/নেফ্রোলজিস্ট/index.html]
[www.careerki.com/বিসিএস-নিরীক্ষা-ও-হিসাব/index.html]
[www.careerki.com/বিসিএস-খাদ্য/index.html]
[www.careerki.com/ফায়ারম্যান/index.html]
[www.careerki.com/ইভেন্ট-ম্যানেজার/index.html]
[www.careerki.com/ক্রিটিক্যাল-কেয়ার-বিশেষজ্ঞ/index.html]
[www.careerki.com/বিসিএস-কর/index.html]
[www.careerki.com/ডিজিটাল-মার্কেটিং-এক্সিকিউটিভ/index.html]
[www.careerki.com/টেইলর/index.html]
[www.careerki.com/ট্রাভেল-গাইড/index.html]
[www.careerki.com/নেটওয়ার্ক-টেকনিশিয়ান/index.html]
[www.careerki.com/ক্রিকেট-কোচ/index.html]
[www.careerki.com/নিওন্যাটোলজিস্ট/index.html]
[www.careerki.com/ট্রান্সপোর্ট-ম্যানেজার/index.html]
[www.careerki.com/শিশুরোগ-বিশেষজ্ঞ/index.html]
[www.careerki.com/গার্মেন্টস-শিল্পের-বিভিন্ন-বিভাগ/index.html]
[www.careerki.com/ফুটবল-রেফারি/index.html]
[www.careerki.com/হেয়ার-স্টাইলিস্ট/index.html]
[www.careerki.com/চিফ-মার্কেটিং-অফিসার/index.html]
[www.careerki.com/ফুল-স্ট্যাক-ডেভেলপার/index.html]
[www.careerki.com/ফায়ার-ইঞ্জিনিয়ার/index.html]
[www.careerki.com/সাইকোলজিস্ট-ও-সাইকোথেরাপিস্টের-পার্থক্য/index.html]
[www.careerki.com/পাম্প-অপারেটর/index.html]
[www.careerki.com/অপথালমোলজিস্ট/index.html]
[www.careerki.com/চার্টার্ড-সেক্রেটারি/index.html]
[www.careerki.com/মেকআপ-আর্টিস্ট/index.html]
[www.careerki.com/বিসিএস-পুলিশ/index.html]
[www.careerki.com/ডকুমেন্টেশন-অফিসার/index.html]
[www.careerki.com/নিউরোলজিস্ট/index.html]
[www.careerki.com/মেশিন-অপারেটর/index.html]
[www.careerki.com/সারেং/index.html]
[www.careerki.com/পল্লী-উন্নয়ন-কর্মকর্তা/index.html]
[www.careerki.com/সিকিউরিটি-ইনচার্জ/index.html]
[www.careerki.com/বিসিএস-তথ্য/index.html]
[www.careerki.com/সাইবার-সিকিউরিটি-অ্যানালিস্ট/index.html]
[www.careerki.com/ফিল্ড-অর্গানাইজার/index.html]
[www.careerki.com/সনোলজিস্ট/index.html]
[www.careerki.com/কীভাবে-করবেন-নেটওয়ার্কিং/index.html]
[www.careerki.com/জেন্ডার-কোঅর্ডিনেটর/index.html]
[www.careerki.com/বায়োকেমিস্ট/index.html]
[www.careerki.com/কার্টুনিস্ট/index.html]
[www.careerki.com/ওয়েডিং-ফটোগ্রাফার/index.html]
[www.careerki.com/ইন্ডাস্ট্রিয়াল-অ্যান্ড-অর্গানাইজেশনাল-সাইকোলজিস্ট/index.html]
[www.careerki.com/সাইট-ম্যানেজমেন্ট-সাপোর্ট-অফিসার/index.html]
[www.careerki.com/ফ্যাক্টরি-ম্যানেজার/index.html]
[www.careerki.com/হেপাটোবিলিয়ারি-সার্জন/index.html]
[www.careerki.com/বিসিএস-ফিশারিজ/index.html]
[www.careerki.com/প্রযোজক/index.html]
[www.careerki.com/সাপোর্ট-ইঞ্জিনিয়ার/index.html]
[www.careerki.com/কলোরেক্টাল-সার্জন/index.html]
[www.careerki.com/রিসার্চ-অ্যান্ড-ডেভেলপমেন্ট-অফিসার/index.html]
[www.careerki.com/পিয়ন/index.html]
[www.careerki.com/ফিজিক্যাল-ট্রেইনার/index.html]
[www.careerki.com/প্লাস্টিক-সার্জন/index.html]
[www.careerki.com/বিশ্ববিদ্যালয়-রেজিস্ট্রার/index.html]
[www.careerki.com/কেয়ারটেকার/index.html]
[www.careerki.com/বুক-বাইন্ডার/index.html]
[www.careerki.com/পার্সোনাল-অ্যাসিস্ট্যান্ট/index.html]
[www.careerki.com/মার্কেট-রিসার্চ-অ্যানালিস্ট/index.html]
[www.careerki.com/পার্টনারশিপ-অফিসার/index.html]
[www.careerki.com/স্যানিটারি-ইন্সপেকটর/index.html]
[www.careerki.com/গ্যাস্ট্রোএন্টারোলজিস্ট/index.html]
[www.careerki.com/ট্রেজারার/index.html]
[www.careerki.com/হেপাটোলজিস্ট/index.html]
[www.careerki.com/সহকারী-পরিচালক-বাংলাদেশ-ব্যাংক/index.html]
[www.careerki.com/স্পিচ-থেরাপি-কী-ও-কোথায়-পড়বেন/index.html]
[www.careerki.com/ওয়ার্ডপ্রেস-ডেভেলপার/index.html]
[www.careerki.com/আয়কর-আইনজীবী/index.html]
[www.careerki.com/কার্ডিয়াক-সার্জন/index.html]
[www.careerki.com/ফিল্ড-ইনিউমারেটর/index.html]
[www.careerki.com/ফ্রন্ট-এন্ড-ফ্রেমওয়ার্ক/index.html]
[www.careerki.com/বিসিএস-ফরেস্ট্রি/index.html]
[www.careerki.com/লেবার-ইন্সপেক্টর/index.html]
[www.careerki.com/ইতিহাসবিদ/index.html]
[www.careerki.com/ফ্রিল্যান্সিংয়ের-ওয়েবসাইট/index.html]
[www.careerki.com/অটোমোবাইল-ইঞ্জিনিয়ার/index.html]
[www.careerki.com/ক্রিকেট-আম্পায়ার/index.html]
[www.careerki.com/সোশ্যাল-মিডিয়া-ম্যানেজার/index.html]
[www.careerki.com/বিসিএস-গণপূর্ত/index.html]
[www.careerki.com/বর্জ্য-ব্যবস্থাপক/index.html]
[www.careerki.com/লেখালেখিতে-ভালো-করার-উপায়/index.html]
[www.careerki.com/বিসিএস-রেলওয়ে-ইঞ্জিনিয়ারিং/index.html]
[www.careerki.com/কমার্শিয়াল-ড্রাইভার/index.html]
[www.careerki.com/ডিস্ট্রিবিউশন-ম্যানেজার/index.html]
[www.careerki.com/বাংলাদেশে-নার্সিংয়ের-স্পেশালাইজেশন/index.html]
[www.careerki.com/সিসিটিভি-টেকনিশিয়ান/index.html]
[www.careerki.com/বিসিএস-ইকনমিক/index.html]
[www.careerki.com/থোরাসিক-সার্জন/index.html]
[www.careerki.com/ওয়েব-ডিজাইন-ও-ওয়েব-ডেভেলপমেন্টের-মধ্যে-পার্থক্য/index.html]
[www.careerki.com/অনকোলজিস্ট/index.html]
[www.careerki.com/নেভাল-আর্কিটেক্ট/index.html]
[www.careerki.com/রাষ্ট্রদূত/index.html]
[www.careerki.com/চিফ-ব্র্যান্ডিং-অফিসার/index.html]
[www.careerki.com/ডার্মাটোলজিস্ট/index.html]
[www.careerki.com/বিসিএস-ডাক/index.html]
[www.careerki.com/বিসিএস-পররাষ্ট্র/index.html]
[www.careerki.com/সফট-স্কিল-কেন-গুরুত্বপূর্ণ/index.html]
[www.careerki.com/হাউসকিপিং-সুপারভাইজার/index.html]
[www.careerki.com/ডেলিভারিম্যান/index.html]
[www.careerki.com/এসএমই-লোন-পাবার-যোগ্যতা/index.html]
[www.careerki.com/হোটেল-রিসেপশনিস্ট/index.html]
[www.careerki.com/ডাক্তারদের-প্রকারভেদ/index.html]
[www.careerki.com/চিফ-এক্সিকিউটিভ-অফিসার/index.html]
[www.careerki.com/প্রোগ্রামিং-ল্যাঙ্গুয়েজ-ও-এর-ব্যবহার/index.html]
[www.careerki.com/রেভিনিউ-অফিসার/index.html]
[www.careerki.com/রিসার্চ-অ্যাসিস্ট্যান্ট/index.html]
[www.careerki.com/ক্রীড়া-সাংবাদিক/index.html]
[www.careerki.com/চাকরি-খুঁজবেন-যেভাবে/index.html]
[www.careerki.com/প্যালিয়েটিভ-কেয়ার-বিশেষজ্ঞ/index.html]
[www.careerki.com/বিসিএস-অ্যাডমিন/index.html]
[www.careerki.com/ডাইং-টেকনিশিয়ান/index.html]
[www.careerki.com/বিজ্ঞাপনী-সংস্থায়-কাজ/index.html]
[www.careerki.com/পদার্থবিজ্ঞানী/index.html]
[www.careerki.com/ব্র্যাকে-চাকরি/index.html]
[www.careerki.com/সুইমিং-পুল-অ্যাটেনডেন্ট/index.html]
[www.careerki.com/দরকারি-৫টি-সাধারণ-দক্ষতা/index.html]
[www.careerki.com/ওয়েল্ডার/index.html]
[www.careerki.com/ইন্টারভিউর-ধরন/index.html]
[www.careerki.com/সোয়িং-সুপারভাইজার/index.html]
[www.careerki.com/ফটোগ্রাফি-কোর্স-যেখানে-করবেন/index.html]
[www.careerki.com/পরিচ্ছন্নতা-কর্মী/index.html]
[www.careerki.com/ইমেইল-লেখা-৫টি-বিষয়/index.html]
[www.careerki.com/ফুড-সায়েন্টিস্ট/index.html]
[www.careerki.com/সয়েল-সায়েন্টিস্ট/index.html]
[www.careerki.com/ডেন্টাল-অ্যাসিস্ট্যান্ট/index.html]
[www.careerki.com/কার্টোগ্রাফার/index.html]
[www.careerki.com/বিপিএটিসি-কী-ও-কেন/index.html]
[www.careerki.com/ক্যাটারিং-সুপারভাইজার/index.html]
[www.careerki.com/পেডিয়াট্রিক-সার্জন/index.html]
[www.careerki.com/বিসিএস-সমবায়/index.html]
[www.careerki.com/ইএনটি-বিশেষজ্ঞ/index.html]
[www.careerki.com/ইন্স্যুরেন্স-এজেন্ট/index.html]
[www.careerki.com/ইমাম/index.html]
[www.careerki.com/দমকল-কর্মী/index.html]
[www.careerki.com/নিউরোসার্জন/index.html]
[www.careerki.com/ইলেকট্রিক্যাল-ইঞ্জিনিয়ার/index.html]
[www.careerki.com/কমি-শেফ/index.html]
[www.careerki.com/পালমোনোলজিস্ট/index.html]
[www.careerki.com/অ্যাপ্লিকেশন-ডেভেলপার/index.html]
[www.careerki.com/অ্যানেসথেটিস্ট/index.html]
[www.careerki.com/হাসপাতাল-রেজিস্ট্রার/index.html]
[www.careerki.com/সিকিউরিটি-অফিসার/index.html]
[www.careerki.com/এক-নজরে-বাংলাদেশের-ঔষধ-শিল্প/index.html]
[www.careerki.com/বায়োউদ্যোক্তা-অভিজ্ঞতা/index.html]
[www.careerki.com/wp-content/uploads/2018/08/career-selection-150x150.png]
[www.careerki.com/wp-content/uploads/2018/08/using-google-docs-1-150x150.png]
[www.careerki.com/ক্যারিয়ার-বাছাই-করবেন-কীভাবে/index.html]
[www.careerki.com/wp-content/uploads/2018/05/civil-engineer-profile-150x150.png]
[www.careerki.com/wp-content/uploads/2018/05/statistician-profile-150x150.png]
[www.careerki.com/wp-content/uploads/2018/05/interpreter-profile-150x150.png]
[www.careerki.com/wp-content/uploads/2018/05/public-relations-officer-profile-150x150.png]
[www.careerki.com/সিভিল-ইঞ্জিনিয়ার/index.html]
[www.careerki.com/wp-content/uploads/2018/05/pilot-profile-150x150.png]
[www.careerki.com/wp-content/uploads/2018/05/librarian-profile-150x150.png]
[www.careerki.com/wp-content/uploads/2018/05/journalist-profile-150x150.png]
[www.careerki.com/wp-content/uploads/2018/05/leather-engineer-profile-150x150.png]
[www.careerki.com/wp-content/uploads/2018/05/psychologist-profile-150x150.png]
[www.careerki.com/পরিসংখ্যানবিদ/index.html]
[www.careerki.com/wp-content/uploads/2018/05/immigration-consultant-profile-150x150.png]
[www.careerki.com/wp-content/uploads/2018/05/mbbs-doctor-profile-150x150.png]
[www.careerki.com/wp-content/uploads/2018/05/accountant-profile-150x150.png]
[www.careerki.com/ইন্টারপ্রেটার/index.html]
[www.careerki.com/wp-content/uploads/2018/05/architect-profile-150x150.png]
[www.careerki.com/wp-content/uploads/2018/05/sales-and-marketing-executive-profile-150x150.png]
[www.careerki.com/wp-content/uploads/2018/05/chemical-engineer-profile-150x150.png]
[www.careerki.com/wp-content/uploads/2018/05/web-designer-profile-150x150.png]
[www.careerki.com/wp-content/uploads/2018/05/medical-representative-profile-150x150.png]
[www.careerki.com/পাবলিক-রিলেশনস-অফিসার/index.html]
[www.careerki.com/wp-content/uploads/2018/05/lawyer-profile-150x150.png]
[www.careerki.com/wp-content/uploads/2018/05/content-writer-profile-150x150.png]
[www.careerki.com/wp-content/uploads/2018/09/bangladesh-job-listing-sites-150x150.png]
[www.careerki.com/wp-content/uploads/2018/05/business-development-officer-profile-150x150.png]
[www.careerki.com/পাইলট/index.html]
[www.careerki.com/wp-content/uploads/2018/04/c-r-c-l-d-150x150.png]
[www.careerki.com/wp-content/uploads/2018/04/gp-j-t-t-r-150x150.jpg]
[www.careerki.com/wp-content/uploads/2018/04/h-t-o-y-l-p-150x150.png]
[www.careerki.com/সাংবাদিক/index.html]
[www.careerki.com/wp-content/uploads/2018/04/c-t-b-h-c-s-150x150.jpg]
[www.careerki.com/career-content/page/5/index.html]
[www.careerki.com/ডাটা-অ্যানালিস্ট/index.html]
[www.careerki.com/ফটোসাংবাদিক/index.html]
[www.careerki.com/ফিল্ড-সুপারভাইজার/index.html]
[www.careerki.com/লেদার-ইঞ্জিনিয়ার/index.html]
[www.careerki.com/ক্যাপিটাল-মার্কেট-অ্যানালিস্ট/index.html]
[www.careerki.com/সাইকোলজিস্ট/index.html]
[www.careerki.com/অটোমোবাইল-টেকনিশিয়ান/index.html]
[www.careerki.com/এমবিবিএস-ডাক্তার/index.html]
[www.careerki.com/ইমিগ্রেশন-কনসালট্যান্ট/index.html]
[www.careerki.com/কৃষি-অফিসার-হর্টিকালচার/index.html]
[www.careerki.com/অ্যাকাউন্ট্যান্ট/index.html]
[www.careerki.com/আর্কিটেক্ট/index.html]
[www.careerki.com/বিসিএস-রেলওয়ে-পরিবহন-ও-বাণিজ্যিক/index.html]
[www.careerki.com/enterprising-পার্সোনালিটির-জন্য-উপযুক্ত-পেশা/index.html]
[www.careerki.com/কমপ্লায়েন্স-অফিসার/index.html]
[www.careerki.com/conventional-পার্সোনালিটির-জন্য-উপযুক্ত-পেশা/index.html]
[www.careerki.com/গানম্যান/index.html]
[www.careerki.com/social-পার্সোনালিটির-জন্য-উপযুক্ত-পেশা/index.html]
[www.careerki.com/মালি/index.html]
[www.careerki.com/artistic-পার্সোনালিটির-জন্য-উপযুক্ত-পেশা/index.html]
[www.careerki.com/ভিডিও-এডিটর/index.html]
[www.careerki.com/investigative-পার্সোনালিটির-জন্য-উপযুক্ত-পেশা/index.html]
[www.careerki.com/এন্ডোক্রাইনোলজিস্ট/index.html]
[www.careerki.com/realistic-পার্সোনালিটির-জন্য-উপযুক্ত-পেশা/index.html]
[www.careerki.com/সিকিউরিটি-গার্ড/index.html]
[www.careerki.com/সেলস-অ্যান্ড-মার্কেটিং-এক্সিকিউটিভ/index.html]
[www.careerki.com/স্যাটেলাইট-ইঞ্জিনিয়ার/index.html]
[www.careerki.com/কেমিক্যাল-ইঞ্জিনিয়ার/index.html]
[www.careerki.com/পেডিয়াট্রিক-নিউরোলজিস্ট/index.html]
[www.careerki.com/ডাটা-বিশ্লেষণের-সফটওয়্যার/index.html]
[www.careerki.com/সেলস-ম্যানেজার/index.html]
[www.careerki.com/8184-autosave-v1/index.html]
[www.careerki.com/পেডিয়াট্রিক-নিউরোসার্জন/index.html]
[www.careerki.com/মেডিকেল-রিপ্রেজেন্টেটিভ/index.html]
[www.careerki.com/ল্যাঙ্গুয়েজ-ইন্সট্রাক্টর/index.html]
[www.careerki.com/কন্টেন্ট-রাইটার/index.html]
[www.careerki.com/সচিব/index.html]
[www.careerki.com/বিজনেস-ডেভেলপমেন্ট-অফিসার/index.html]
[www.careerki.com/ভবিষ্যতের-পেশা-১০-উদাহরণ/index.html]
[www.careerki.com/বেসরকারি-স্কুল-শিক্ষক/index.html]
[www.careerki.com/রাজমিস্ত্রি/index.html]
[www.careerki.com/রিস্ক-ম্যানেজমেন্ট-অ্যানালিস্ট/index.html]
[www.careerki.com/সোলার-টেকনিশিয়ান/index.html]
[www.careerki.com/বিসিএস-নিরীক্ষা-ও-হিসাব/index.html]
[www.careerki.com/বিসিএস-কৃষি/index.html]
[www.careerki.com/বিসিএস-খাদ্য/index.html]
[www.careerki.com/ক্রিটিক্যাল-কেয়ার-বিশেষজ্ঞ/index.html]
[www.careerki.com/বিসিএস-কর/index.html]
[www.careerki.com/নেটওয়ার্ক-টেকনিশিয়ান/index.html]
[www.careerki.com/টেইলর/index.html]
[www.careerki.com/নিওন্যাটোলজিস্ট/index.html]
[www.careerki.com/শিশুরোগ-বিশেষজ্ঞ/index.html]
[www.careerki.com/ফুটবল-রেফারি/index.html]
[www.careerki.com/চিফ-মার্কেটিং-অফিসার/index.html]
[www.careerki.com/ফায়ার-ইঞ্জিনিয়ার/index.html]
[www.careerki.com/পাম্প-অপারেটর/index.html]
[www.careerki.com/চার্টার্ড-সেক্রেটারি/index.html]
[www.careerki.com/বিসিএস-পুলিশ/index.html]
[www.careerki.com/ডকুমেন্টেশন-অফিসার/index.html]
[www.careerki.com/মেশিন-অপারেটর/index.html]
[www.careerki.com/পল্লী-উন্নয়ন-কর্মকর্তা/index.html]
[www.careerki.com/বিসিএস-তথ্য/index.html]
[www.careerki.com/ফিল্ড-অর্গানাইজার/index.html]
[www.careerki.com/কীভাবে-করবেন-নেটওয়ার্কিং/index.html]
[www.careerki.com/জেন্ডার-কোঅর্ডিনেটর/index.html]
[www.careerki.com/ওয়েডিং-ফটোগ্রাফার/index.html]
[www.careerki.com/সাইট-ম্যানেজমেন্ট-সাপোর্ট-অফিসার/index.html]
[www.careerki.com/বিসিএস-ফিশারিজ/index.html]
[www.careerki.com/হেপাটোবিলিয়ারি-সার্জন/index.html]
[www.careerki.com/কলোরেক্টাল-সার্জন/index.html]
[www.careerki.com/পিয়ন/index.html]
[www.careerki.com/প্লাস্টিক-সার্জন/index.html]
[www.careerki.com/কেয়ারটেকার/index.html]
[www.careerki.com/বুক-বাইন্ডার/index.html]
[www.careerki.com/পার্টনারশিপ-অফিসার/index.html]
[www.careerki.com/গ্যাস্ট্রোএন্টারোলজিস্ট/index.html]
[www.careerki.com/স্পিচ-থেরাপি-কী-ও-কোথায়-পড়বেন/index.html]
[www.careerki.com/হেপাটোলজিস্ট/index.html]
[www.careerki.com/ওয়ার্ডপ্রেস-ডেভেলপার/index.html]
[www.careerki.com/কার্ডিয়াক-সার্জন/index.html]
[www.careerki.com/বিসিএস-ফরেস্ট্রি/index.html]
[www.careerki.com/ফ্রন্ট-এন্ড-ফ্রেমওয়ার্ক/index.html]
[www.careerki.com/ফ্রিল্যান্সিংয়ের-ওয়েবসাইট/index.html]
[www.careerki.com/ক্রিকেট-আম্পায়ার/index.html]
[www.careerki.com/বিসিএস-গণপূর্ত/index.html]
[www.careerki.com/লেখালেখিতে-ভালো-করার-উপায়/index.html]
[www.careerki.com/কমার্শিয়াল-ড্রাইভার/index.html]
[www.careerki.com/বাংলাদেশে-নার্সিংয়ের-স্পেশালাইজেশন/index.html]
[www.careerki.com/বিসিএস-ইকনমিক/index.html]
[www.careerki.com/ওয়েব-ডিজাইন-ও-ওয়েব-ডেভেলপমেন্টের-মধ্যে-পার্থক্য/index.html]
[www.careerki.com/নেভাল-আর্কিটেক্ট/index.html]
[www.careerki.com/চিফ-ব্র্যান্ডিং-অফিসার/index.html]
[www.careerki.com/বিসিএস-ডাক/index.html]
[www.careerki.com/সফট-স্কিল-কেন-গুরুত্বপূর্ণ/index.html]
[www.careerki.com/ডেলিভারিম্যান/index.html]
[www.careerki.com/এসএমই-লোন-পাবার-যোগ্যতা/index.html]
[www.careerki.com/ডাক্তারদের-প্রকারভেদ/index.html]
[www.careerki.com/প্রোগ্রামিং-ল্যাঙ্গুয়েজ-ও-এর-ব্যবহার/index.html]
[www.careerki.com/রিসার্চ-অ্যাসিস্ট্যান্ট/index.html]
[www.careerki.com/চাকরি-খুঁজবেন-যেভাবে/index.html]
[www.careerki.com/বিসিএস-অ্যাডমিন/index.html]
[www.careerki.com/বিজ্ঞাপনী-সংস্থায়-কাজ/index.html]
[www.careerki.com/ব্র্যাকে-চাকরি/index.html]
[www.careerki.com/দরকারি-৫টি-সাধারণ-দক্ষতা/index.html]
[www.careerki.com/ইন্টারভিউর-ধরন/index.html]
[www.careerki.com/ফটোগ্রাফি-কোর্স-যেখানে-করবেন/index.html]
[www.careerki.com/ইমেইল-লেখা-৫টি-বিষয়/index.html]
[www.careerki.com/সয়েল-সায়েন্টিস্ট/index.html]
[www.careerki.com/সিকিউরিটি-অফিসার/index.html]
[www.careerki.com/এক-নজরে-বাংলাদেশের-ঔষধ-শিল্প/index.html]
[www.careerki.com/বায়োউদ্যোক্তা-অভিজ্ঞতা/index.html]
[www.careerki.com/ক্যারিয়ার-বাছাই-করবেন-কীভাবে/index.html]
[www.careerki.com/সিভিল-ইঞ্জিনিয়ার/index.html]
[www.careerki.com/পরিসংখ্যানবিদ/index.html]
[www.careerki.com/ইন্টারপ্রেটার/index.html]
[www.careerki.com/পাবলিক-রিলেশনস-অফিসার/index.html]
[www.careerki.com/পাইলট/index.html]
[www.careerki.com/সাংবাদিক/index.html]
[www.careerki.com/লেদার-ইঞ্জিনিয়ার/index.html]
[www.careerki.com/সাইকোলজিস্ট/index.html]
[www.careerki.com/ইমিগ্রেশন-কনসালট্যান্ট/index.html]
[www.careerki.com/এমবিবিএস-ডাক্তার/index.html]
[www.careerki.com/অ্যাকাউন্ট্যান্ট/index.html]
[www.careerki.com/আর্কিটেক্ট/index.html]
[www.careerki.com/conventional-পার্সোনালিটির-জন্য-উপযুক্ত-পেশা/index.html]
[www.careerki.com/enterprising-পার্সোনালিটির-জন্য-উপযুক্ত-পেশা/index.html]
[www.careerki.com/social-পার্সোনালিটির-জন্য-উপযুক্ত-পেশা/index.html]
[www.careerki.com/artistic-পার্সোনালিটির-জন্য-উপযুক্ত-পেশা/index.html]
[www.careerki.com/investigative-পার্সোনালিটির-জন্য-উপযুক্ত-পেশা/index.html]
[www.careerki.com/realistic-পার্সোনালিটির-জন্য-উপযুক্ত-পেশা/index.html]
[www.careerki.com/সেলস-অ্যান্ড-মার্কেটিং-এক্সিকিউটিভ/index.html]
[www.careerki.com/কেমিক্যাল-ইঞ্জিনিয়ার/index.html]
[www.careerki.com/ডাটা-বিশ্লেষণের-সফটওয়্যার/index.html]
[www.careerki.com/সিভি-রেজ্যুমে-ও-কভার-লেটার/index.html]
[www.careerki.com/গ্রামীণফোনে-চাকরি-৭-বিষয়/index.html]
[www.careerki.com/ক্যারিয়ার-ভাবনা-ও-বাংলাদেশ/index.html]
[www.careerki.com/wp-json/oembed/1.0/embed81bc.json]
[www.careerki.com/8184-autosave-v1/feed/index.html]
[www.careerki.com/wp-json/oembed/1.0/embed4e6b]
[www.careerki.com/wp-content/uploads/2018/05/web-designer-profile-800x300.png]
[www.careerki.com/wp-content/uploads/2018/08/security-officer-profile-75x75.png]
[www.careerki.com/wp-content/uploads/2019/05/video-editing-courses-careerki-75x75.png]
[www.careerki.com/8184-autosave-v1/index.html]
[www.careerki.com/মেডিকেল-রিপ্রেজেন্টেটিভ/index.html]
[www.careerki.com/কন্টেন্ট-রাইটার/index.html]
[www.careerki.com/বিজনেস-ডেভেলপমেন্ট-অফিসার/index.html]
[www.careerki.com/সিভি-রেজ্যুমে-ও-কভার-লেটার/index.html]
[www.careerki.com/গ্রামীণফোনে-চাকরি-৭-বিষয়/index.html]
[www.careerki.com/ক্যারিয়ার-ভাবনা-ও-বাংলাদেশ/index.html]
[www.careerki.com/indexc01b.html]
